Archive member included because of file (symbol)

c:/program files (x86)/microchip/xc32/v1.20/bin/../lib/gcc/pic32mx/4.5.2/../../../../pic32mx/lib\libmchp_peripheral_32MX795F512L.a(CANConfiguration.o)
                              build/default/debug/Peripheriques/can.o (CANSetSpeed)
c:/program files (x86)/microchip/xc32/v1.20/bin/../lib/gcc/pic32mx/4.5.2/../../../../pic32mx/lib\libmchp_peripheral_32MX795F512L.a(CANEventFunctions.o)
                              build/default/debug/Peripheriques/can.o (CANGetPendingEventCode)
c:/program files (x86)/microchip/xc32/v1.20/bin/../lib/gcc/pic32mx/4.5.2/../../../../pic32mx/lib\libmchp_peripheral_32MX795F512L.a(CANFilterFunctions.o)
                              build/default/debug/Peripheriques/can.o (CANConfigureFilterMask)
c:/program files (x86)/microchip/xc32/v1.20/bin/../lib/gcc/pic32mx/4.5.2/../../../../pic32mx/lib\libmchp_peripheral_32MX795F512L.a(CANReceiveFunctions.o)
                              build/default/debug/Peripheriques/can.o (CANGetRxMessage)
c:/program files (x86)/microchip/xc32/v1.20/bin/../lib/gcc/pic32mx/4.5.2/../../../../pic32mx/lib\libmchp_peripheral_32MX795F512L.a(CANTransmitFunctions.o)
                              build/default/debug/Peripheriques/can.o (CANConfigureChannelForTx)
c:/program files (x86)/microchip/xc32/v1.20/bin/../lib/gcc/pic32mx/4.5.2/../../../../pic32mx/lib\libmchp_peripheral_32MX795F512L.a(pcache.o)
                              build/default/debug/main.o (CheKseg0CacheOn)
c:/program files (x86)/microchip/xc32/v1.20/bin/../lib/gcc/pic32mx/4.5.2/../../../../pic32mx/lib\libmchp_peripheral_32MX795F512L.a(int_enable_interrupts_lib.o)
                              build/default/debug/main.o (INTEnableInterrupts)
c:/program files (x86)/microchip/xc32/v1.20/bin/../lib/gcc/pic32mx/4.5.2/../../../../pic32mx/lib\libmchp_peripheral_32MX795F512L.a(int_disable_interrupts_lib.o)
                              build/default/debug/main.o (INTDisableInterrupts)
c:/program files (x86)/microchip/xc32/v1.20/bin/../lib/gcc/pic32mx/4.5.2/../../../../pic32mx/lib\libmchp_peripheral_32MX795F512L.a(int_restore_interrupts_lib.o)
                              build/default/debug/main.o (INTRestoreInterrupts)
c:/program files (x86)/microchip/xc32/v1.20/bin/../lib/gcc/pic32mx/4.5.2/../../../../pic32mx/lib\libmchp_peripheral_32MX795F512L.a(int_enable_mv_int_lib.o)
                              build/default/debug/main.o (INTEnableSystemMultiVectoredInt)
c:/program files (x86)/microchip/xc32/v1.20/bin/../lib/gcc/pic32mx/4.5.2/../../../../pic32mx/lib\libmchp_peripheral_32MX795F512L.a(int_tbl_lib.o)
                              build/default/debug/Peripheriques/can.o (INTClearFlag)
c:/program files (x86)/microchip/xc32/v1.20/bin/../lib/gcc/pic32mx/4.5.2/../../../../pic32mx/lib\libmchp_peripheral_32MX795F512L.a(spi_chn_close_lib.o)
                              build/default/debug/Peripheriques/spi.o (SpiChnClose)
c:/program files (x86)/microchip/xc32/v1.20/bin/../lib/gcc/pic32mx/4.5.2/../../../../pic32mx/lib\libmchp_peripheral_32MX795F512L.a(spi_chn_gets_lib.o)
                              build/default/debug/Peripheriques/spi.o (SpiChnGetS)
c:/program files (x86)/microchip/xc32/v1.20/bin/../lib/gcc/pic32mx/4.5.2/../../../../pic32mx/lib\libmchp_peripheral_32MX795F512L.a(spi_chn_open_lib.o)
                              build/default/debug/Peripheriques/spi.o (SpiChnOpen)
c:/program files (x86)/microchip/xc32/v1.20/bin/../lib/gcc/pic32mx/4.5.2/../../../../pic32mx/lib\libmchp_peripheral_32MX795F512L.a(spi_chn_puts_lib.o)
                              build/default/debug/Peripheriques/spi.o (SpiChnPutS)
c:/program files (x86)/microchip/xc32/v1.20/bin/../lib/gcc/pic32mx/4.5.2/../../../../pic32mx/lib\libmchp_peripheral_32MX795F512L.a(spi_chn_tx_buff_empty_lib.o)
                              build/default/debug/Peripheriques/spi.o (SpiChnTxBuffEmpty)
c:/program files (x86)/microchip/xc32/v1.20/bin/../lib/gcc/pic32mx/4.5.2/../../../../pic32mx/lib\libmchp_peripheral_32MX795F512L.a(spi_chn_rx_buff_empty_lib.o)
                              build/default/debug/Peripheriques/spi.o (SpiChnRxBuffFull)
c:/program files (x86)/microchip/xc32/v1.20/bin/../lib/gcc/pic32mx/4.5.2/../../../../pic32mx/lib\libmchp_peripheral_32MX795F512L.a(spi_io_tbl_libp.o)
                              c:/program files (x86)/microchip/xc32/v1.20/bin/../lib/gcc/pic32mx/4.5.2/../../../../pic32mx/lib\libmchp_peripheral_32MX795F512L.a(spi_chn_close_lib.o) (_SpiIoTbl)
c:/program files (x86)/microchip/xc32/v1.20/bin/../lib/gcc/pic32mx/4.5.2/../../../../pic32mx/lib\libmchp_peripheral_32MX795F512L.a(spi_map_tbl_libp.o)
                              c:/program files (x86)/microchip/xc32/v1.20/bin/../lib/gcc/pic32mx/4.5.2/../../../../pic32mx/lib\libmchp_peripheral_32MX795F512L.a(spi_chn_close_lib.o) (_SpiMapTbl)
c:/program files (x86)/microchip/xc32/v1.20/bin/../lib/gcc/pic32mx/4.5.2/../../../../pic32mx/lib\libmchp_peripheral_32MX795F512L.a(port_reset_pins_lib.o)
[...]
Memory Configuration

Name             Origin             Length             Attributes
kseg0_program_mem 0x9d000000         0x00080000         xr
kseg0_boot_mem   0x9fc00490         0x00000970
exception_mem    0x9fc01000         0x00001000
kseg1_boot_mem   0xbfc00000         0x00000490
debug_exec_mem   0xbfc02000         0x00000ff0
config3          0xbfc02ff0         0x00000004
config2          0xbfc02ff4         0x00000004
config1          0xbfc02ff8         0x00000004
config0          0xbfc02ffc         0x00000004
kseg1_data_mem   0xa0000000         0x00020000         w !x
sfrs             0xbf800000         0x00100000
configsfrs       0xbfc02ff0         0x00000010
*default*        0x00000000         0xffffffff

Linker script and memory map

LOAD c:/program files (x86)/microchip/xc32/v1.20/bin/../lib/gcc/pic32mx/4.5.2/../../../../pic32mx/lib/crt0.o
                0x00000001                _DEBUGGER = 0x1
LOAD build/default/debug/_ext/971107649/port.o
LOAD build/default/debug/_ext/971107649/port_asm.o
LOAD build/default/debug/_ext/167578668/heap_1.o
LOAD build/default/debug/_ext/381897321/croutine.o
LOAD build/default/debug/_ext/381897321/list.o
LOAD build/default/debug/_ext/381897321/queue.o
LOAD build/default/debug/_ext/381897321/tasks.o
LOAD build/default/debug/_ext/381897321/timers.o
LOAD build/default/debug/Peripheriques/gpio.o
LOAD build/default/debug/Peripheriques/pwm.o
LOAD build/default/debug/Peripheriques/spi.o
LOAD build/default/debug/Peripheriques/timer.o
LOAD build/default/debug/Peripheriques/uart.o
LOAD build/default/debug/ft.o
LOAD build/default/debug/Peripheriques/can.o
LOAD build/default/debug/main.o
                0x00000001                __MPLAB_BUILD = 0x1
                0x00000001                __ICD2RAM = 0x1
                0x00000001                __MPLAB_DEBUG = 0x1
                0x00000001                __DEBUG = 0x1
                0x00000001                __MPLAB_DEBUGGER_ICD3 = 0x1
LOAD c:/program files (x86)/microchip/xc32/v1.20/bin/../lib/gcc/pic32mx/4.5.2/../../../../pic32mx/lib/./proc/32MX795F512L\default_isr_vectors.o
                0x00000400                PROVIDE (_min_stack_size, 0x400)
LOAD c:/program files (x86)/microchip/xc32/v1.20/bin/../lib/gcc/pic32mx/4.5.2/../../../../pic32mx/lib/./proc/32MX795F512L\processor.o
START GROUP
LOAD c:/program files (x86)/microchip/xc32/v1.20/bin/../lib/gcc/pic32mx/4.5.2/../../../../pic32mx/lib\libmchp_peripheral.a
END GROUP
START GROUP
LOAD c:/program files (x86)/microchip/xc32/v1.20/bin/../lib/gcc/pic32mx/4.5.2/../../../../pic32mx/lib\libmchp_peripheral_32MX795F512L.a
END GROUP
                0x00000001                PROVIDE (_vector_spacing, 0x1)
                0x9fc01000                _ebase_address = 0x9fc01000
                0xbfc00000                _RESET_ADDR = 0xbfc00000
                0xbfc00380                _BEV_EXCPT_ADDR = 0xbfc00380
                0xbfc00480                _DBG_EXCPT_ADDR = 0xbfc00480
                0xbfc02000                _DBG_CODE_ADDR = 0xbfc02000
                0x00000ff0                _DBG_CODE_SIZE = 0xff0
                0x9fc01180                _GEN_EXCPT_ADDR = (_ebase_address + 0x180)

.config_BFC02FF0
                0xbfc02ff0        0x4
 *(.config_BFC02FF0)
 .config_BFC02FF0
                0xbfc02ff0        0x4 build/default/debug/main.o

.config_BFC02FF4
                0xbfc02ff4        0x4
 *(.config_BFC02FF4)
 .config_BFC02FF4
                0xbfc02ff4        0x4 build/default/debug/main.o

.config_BFC02FF8
                0xbfc02ff8        0x4
 *(.config_BFC02FF8)
 .config_BFC02FF8
                0xbfc02ff8        0x4 build/default/debug/main.o

.config_BFC02FFC
                0xbfc02ffc        0x4
 *(.config_BFC02FFC)
 .config_BFC02FFC
                0xbfc02ffc        0x4 build/default/debug/main.o
                0xbfc02000                PROVIDE (_DBG_CODE_ADDR, 0xbfc02000)
                0x00000ff0                PROVIDE (_DBG_CODE_SIZE, 0xff0)

.reset          0xbfc00000      0x1f4
 *(.reset)
 .reset         0xbfc00000       0x10 c:/program files (x86)/microchip/xc32/v1.20/bin/../lib/gcc/pic32mx/4.5.2/../../../../pic32mx/lib/crt0.o
                0xbfc00000                _reset
 *(.reset.startup)
 .reset.startup
                0xbfc00010      0x1e4 c:/program files (x86)/microchip/xc32/v1.20/bin/../lib/gcc/pic32mx/4.5.2/../../../../pic32mx/lib/crt0.o

.bev_excpt      0xbfc00380       0x10
 *(.bev_handler)
 .bev_handler   0xbfc00380       0x10 c:/program files (x86)/microchip/xc32/v1.20/bin/../lib/gcc/pic32mx/4.5.2/../../../../pic32mx/lib/crt0.o

.dbg_excpt      0xbfc00480        0x8
                0xbfc00480                . = (. + DEFINED (_DEBUGGER)?0x8:0x0)
 *fill*         0xbfc00480        0x8 00

.dbg_code       0xbfc02000      0xff0
                0xbfc02000                . = (. + DEFINED (_DEBUGGER)?_DBG_CODE_SIZE:0x0)
 *fill*         0xbfc02000      0xff0 00

.app_excpt      0x9fc01180       0x10
 *(.gen_handler)
 .gen_handler   0x9fc01180       0x10 c:/program files (x86)/microchip/xc32/v1.20/bin/../lib/gcc/pic32mx/4.5.2/../../../../pic32mx/lib/crt0.o

.vector_0       0x9fc01200        0x8
 *(.vector_0)
 .vector_0      0x9fc01200        0x8 c:/program files (x86)/microchip/xc32/v1.20/bin/../lib/gcc/pic32mx/4.5.2/../../../../pic32mx/lib\libpic32.a(vector0.o)
                0x9fc01200                __vector_dispatch_0
                0x00000001                ASSERT (((_vector_spacing == 0x0) || (SIZEOF (.vector_0) <= (_vector_spacing << 0x5))), function at exception vector 0 too large)

.vector_1       0x9fc01220        0x8
 *(.vector_1)
 .vector_1      0x9fc01220        0x8 build/default/debug/_ext/971107649/port.o
                0x9fc01220                __vector_dispatch_1
                0x00000001                ASSERT (((_vector_spacing == 0x0) || (SIZEOF (.vector_1) <= (_vector_spacing << 0x5))), function at exception vector 1 too large)

.vector_2       0x9fc01240        0x8
 *(.vector_2)
 .vector_2      0x9fc01240        0x8 c:/program files (x86)/microchip/xc32/v1.20/bin/../lib/gcc/pic32mx/4.5.2/../../../../pic32mx/lib\libpic32.a(vector2.o)
                0x9fc01240                __vector_dispatch_2
                0x00000001                ASSERT (((_vector_spacing == 0x0) || (SIZEOF (.vector_2) <= (_vector_spacing << 0x5))), function at exception vector 2 too large)

.vector_3       0x9fc01260        0x8
 *(.vector_3)
 .vector_3      0x9fc01260        0x8 c:/program files (x86)/microchip/xc32/v1.20/bin/../lib/gcc/pic32mx/4.5.2/../../../../pic32mx/lib\libpic32.a(vector3.o)
                0x9fc01260                __vector_dispatch_3
                0x00000001                ASSERT (((_vector_spacing == 0x0) || (SIZEOF (.vector_3) <= (_vector_spacing << 0x5))), function at exception vector 3 too large)

.vector_4       0x9fc01280        0x8
 *(.vector_4)
 .vector_4      0x9fc01280        0x8 build/default/debug/_ext/971107649/port.o
                0x9fc01280                __vector_dispatch_4
                0x00000001                ASSERT (((_vector_spacing == 0x0) || (SIZEOF (.vector_4) <= (_vector_spacing << 0x5))), function at exception vector 4 too large)

.vector_5       0x9fc012a0        0x8
 *(.vector_5)
 .vector_5      0x9fc012a0        0x8 c:/program files (x86)/microchip/xc32/v1.20/bin/../lib/gcc/pic32mx/4.5.2/../../../../pic32mx/lib\libpic32.a(vector5.o)
                0x9fc012a0                __vector_dispatch_5
                0x00000001                ASSERT (((_vector_spacing == 0x0) || (SIZEOF (.vector_5) <= (_vector_spacing << 0x5))), function at exception vector 5 too large)

.vector_6       0x9fc012c0        0x8
 *(.vector_6)
 .vector_6      0x9fc012c0        0x8 c:/program files (x86)/microchip/xc32/v1.20/bin/../lib/gcc/pic32mx/4.5.2/../../../../pic32mx/lib\libpic32.a(vector6.o)
                0x9fc012c0                __vector_dispatch_6
                0x00000001                ASSERT (((_vector_spacing == 0x0) || (SIZEOF (.vector_6) <= (_vector_spacing << 0x5))), function at exception vector 6 too large)

.vector_7       0x9fc012e0        0x8
 *(.vector_7)
 .vector_7      0x9fc012e0        0x8 c:/program files (x86)/microchip/xc32/v1.20/bin/../lib/gcc/pic32mx/4.5.2/../../../../pic32mx/lib\libpic32.a(vector7.o)
                0x9fc012e0                __vector_dispatch_7
                0x00000001                ASSERT (((_vector_spacing == 0x0) || (SIZEOF (.vector_7) <= (_vector_spacing << 0x5))), function at exception vector 7 too large)

.vector_8       0x9fc01300        0x8
 *(.vector_8)
 .vector_8      0x9fc01300        0x8 c:/program files (x86)/microchip/xc32/v1.20/bin/../lib/gcc/pic32mx/4.5.2/../../../../pic32mx/lib\libpic32.a(vector8.o)
                0x9fc01300                __vector_dispatch_8
                0x00000001                ASSERT (((_vector_spacing == 0x0) || (SIZEOF (.vector_8) <= (_vector_spacing << 0x5))), function at exception vector 8 too large)

.vector_9       0x9fc01320        0x8
 *(.vector_9)
 .vector_9      0x9fc01320        0x8 c:/program files (x86)/microchip/xc32/v1.20/bin/../lib/gcc/pic32mx/4.5.2/../../../../pic32mx/lib\libpic32.a(vector9.o)
                0x9fc01320                __vector_dispatch_9
                0x00000001                ASSERT (((_vector_spacing == 0x0) || (SIZEOF (.vector_9) <= (_vector_spacing << 0x5))), function at exception vector 9 too large)

.vector_10      0x9fc01340        0x8
 *(.vector_10)
 .vector_10     0x9fc01340        0x8 c:/program files (x86)/microchip/xc32/v1.20/bin/../lib/gcc/pic32mx/4.5.2/../../../../pic32mx/lib\libpic32.a(vector10.o)
                0x9fc01340                __vector_dispatch_10
                0x00000001                ASSERT (((_vector_spacing == 0x0) || (SIZEOF (.vector_10) <= (_vector_spacing << 0x5))), function at exception vector 10 too large)

.vector_11      0x9fc01360        0x8
 *(.vector_11)
 .vector_11     0x9fc01360        0x8 c:/program files (x86)/microchip/xc32/v1.20/bin/../lib/gcc/pic32mx/4.5.2/../../../../pic32mx/lib\libpic32.a(vector11.o)
                0x9fc01360                __vector_dispatch_11
                0x00000001                ASSERT (((_vector_spacing == 0x0) || (SIZEOF (.vector_11) <= (_vector_spacing << 0x5))), function at exception vector 11 too large)

.vector_12      0x9fc01380        0x8
 *(.vector_12)
 .vector_12     0x9fc01380        0x8 c:/program files (x86)/microchip/xc32/v1.20/bin/../lib/gcc/pic32mx/4.5.2/../../../../pic32mx/lib\libpic32.a(vector12.o)
                0x9fc01380                __vector_dispatch_12
                0x00000001                ASSERT (((_vector_spacing == 0x0) || (SIZEOF (.vector_12) <= (_vector_spacing << 0x5))), function at exception vector 12 too large)

.vector_13      0x9fc013a0        0x8
 *(.vector_13)
 .vector_13     0x9fc013a0        0x8 c:/program files (x86)/microchip/xc32/v1.20/bin/../lib/gcc/pic32mx/4.5.2/../../../../pic32mx/lib\libpic32.a(vector13.o)
                0x9fc013a0                __vector_dispatch_13
                0x00000001                ASSERT (((_vector_spacing == 0x0) || (SIZEOF (.vector_13) <= (_vector_spacing << 0x5))), function at exception vector 13 too large)

.vector_14      0x9fc013c0        0x8
 *(.vector_14)
 .vector_14     0x9fc013c0        0x8 c:/program files (x86)/microchip/xc32/v1.20/bin/../lib/gcc/pic32mx/4.5.2/../../../../pic32mx/lib\libpic32.a(vector14.o)
                0x9fc013c0                __vector_dispatch_14
                0x00000001                ASSERT (((_vector_spacing == 0x0) || (SIZEOF (.vector_14) <= (_vector_spacing << 0x5))), function at exception vector 14 too large)

.vector_15      0x9fc013e0        0x8
 *(.vector_15)
 .vector_15     0x9fc013e0        0x8 c:/program files (x86)/microchip/xc32/v1.20/bin/../lib/gcc/pic32mx/4.5.2/../../../../pic32mx/lib\libpic32.a(vector15.o)
                0x9fc013e0                __vector_dispatch_15
                0x00000001                ASSERT (((_vector_spacing == 0x0) || (SIZEOF (.vector_15) <= (_vector_spacing << 0x5))), function at exception vector 15 too large)

.vector_16      0x9fc01400        0x8
 *(.vector_16)
 .vector_16     0x9fc01400        0x8 c:/program files (x86)/microchip/xc32/v1.20/bin/../lib/gcc/pic32mx/4.5.2/../../../../pic32mx/lib\libpic32.a(vector16.o)
                0x9fc01400                __vector_dispatch_16
                0x00000001                ASSERT (((_vector_spacing == 0x0) || (SIZEOF (.vector_16) <= (_vector_spacing << 0x5))), function at exception vector 16 too large)

.vector_17      0x9fc01420        0x8
 *(.vector_17)
 .vector_17     0x9fc01420        0x8 c:/program files (x86)/microchip/xc32/v1.20/bin/../lib/gcc/pic32mx/4.5.2/../../../../pic32mx/lib\libpic32.a(vector17.o)
                0x9fc01420                __vector_dispatch_17
                0x00000001                ASSERT (((_vector_spacing == 0x0) || (SIZEOF (.vector_17) <= (_vector_spacing << 0x5))), function at exception vector 17 too large)

.vector_18      0x9fc01440        0x8
 *(.vector_18)
 .vector_18     0x9fc01440        0x8 c:/program files (x86)/microchip/xc32/v1.20/bin/../lib/gcc/pic32mx/4.5.2/../../../../pic32mx/lib\libpic32.a(vector18.o)
                0x9fc01440                __vector_dispatch_18
                0x00000001                ASSERT (((_vector_spacing == 0x0) || (SIZEOF (.vector_18) <= (_vector_spacing << 0x5))), function at exception vector 18 too large)

.vector_19      0x9fc01460        0x8
 *(.vector_19)
 .vector_19     0x9fc01460        0x8 c:/program files (x86)/microchip/xc32/v1.20/bin/../lib/gcc/pic32mx/4.5.2/../../../../pic32mx/lib\libpic32.a(vector19.o)
                0x9fc01460                __vector_dispatch_19
                0x00000001                ASSERT (((_vector_spacing == 0x0) || (SIZEOF (.vector_19) <= (_vector_spacing << 0x5))), function at exception vector 19 too large)

.vector_20      0x9fc01480        0x8
 *(.vector_20)
 .vector_20     0x9fc01480        0x8 c:/program files (x86)/microchip/xc32/v1.20/bin/../lib/gcc/pic32mx/4.5.2/../../../../pic32mx/lib\libpic32.a(vector20.o)
                0x9fc01480                __vector_dispatch_20
                0x00000001                ASSERT (((_vector_spacing == 0x0) || (SIZEOF (.vector_20) <= (_vector_spacing << 0x5))), function at exception vector 20 too large)

.vector_21      0x9fc014a0        0x8
 *(.vector_21)
 .vector_21     0x9fc014a0        0x8 c:/program files (x86)/microchip/xc32/v1.20/bin/../lib/gcc/pic32mx/4.5.2/../../../../pic32mx/lib\libpic32.a(vector21.o)
                0x9fc014a0                __vector_dispatch_21
                0x00000001                ASSERT (((_vector_spacing == 0x0) || (SIZEOF (.vector_21) <= (_vector_spacing << 0x5))), function at exception vector 21 too large)

.vector_22      0x9fc014c0        0x8
 *(.vector_22)
 .vector_22     0x9fc014c0        0x8 c:/program files (x86)/microchip/xc32/v1.20/bin/../lib/gcc/pic32mx/4.5.2/../../../../pic32mx/lib\libpic32.a(vector22.o)
                0x9fc014c0                __vector_dispatch_22
                0x00000001                ASSERT (((_vector_spacing == 0x0) || (SIZEOF (.vector_22) <= (_vector_spacing << 0x5))), function at exception vector 22 too large)

.vector_23      0x9fc014e0        0x8
 *(.vector_23)
 .vector_23     0x9fc014e0        0x8 c:/program files (x86)/microchip/xc32/v1.20/bin/../lib/gcc/pic32mx/4.5.2/../../../../pic32mx/lib\libpic32.a(vector23.o)
                0x9fc014e0                __vector_dispatch_23
                0x00000001                ASSERT (((_vector_spacing == 0x0) || (SIZEOF (.vector_23) <= (_vector_spacing << 0x5))), function at exception vector 23 too large)

.vector_24      0x9fc01500        0x8
 *(.vector_24)
 .vector_24     0x9fc01500        0x8 build/default/debug/main.o
                0x9fc01500                __vector_dispatch_24
                0x00000001                ASSERT (((_vector_spacing == 0x0) || (SIZEOF (.vector_24) <= (_vector_spacing << 0x5))), function at exception vector 24 too large)

.vector_25      0x9fc01520        0x8
 *(.vector_25)
 .vector_25     0x9fc01520        0x8 c:/program files (x86)/microchip/xc32/v1.20/bin/../lib/gcc/pic32mx/4.5.2/../../../../pic32mx/lib\libpic32.a(vector25.o)
                0x9fc01520                __vector_dispatch_25
                0x00000001                ASSERT (((_vector_spacing == 0x0) || (SIZEOF (.vector_25) <= (_vector_spacing << 0x5))), function at exception vector 25 too large)

.vector_26      0x9fc01540        0x8
 *(.vector_26)
 .vector_26     0x9fc01540        0x8 c:/program files (x86)/microchip/xc32/v1.20/bin/../lib/gcc/pic32mx/4.5.2/../../../../pic32mx/lib\libpic32.a(vector26.o)
                0x9fc01540                __vector_dispatch_26
                0x00000001                ASSERT (((_vector_spacing == 0x0) || (SIZEOF (.vector_26) <= (_vector_spacing << 0x5))), function at exception vector 26 too large)

.vector_27      0x9fc01560        0x8
 *(.vector_27)
 .vector_27     0x9fc01560        0x8 c:/program files (x86)/microchip/xc32/v1.20/bin/../lib/gcc/pic32mx/4.5.2/../../../../pic32mx/lib\libpic32.a(vector27.o)
                0x9fc01560                __vector_dispatch_27
                0x00000001                ASSERT (((_vector_spacing == 0x0) || (SIZEOF (.vector_27) <= (_vector_spacing << 0x5))), function at exception vector 27 too large)

.vector_28      0x9fc01580        0x8
 *(.vector_28)
 .vector_28     0x9fc01580        0x8 c:/program files (x86)/microchip/xc32/v1.20/bin/../lib/gcc/pic32mx/4.5.2/../../../../pic32mx/lib\libpic32.a(vector28.o)
                0x9fc01580                __vector_dispatch_28
                0x00000001                ASSERT (((_vector_spacing == 0x0) || (SIZEOF (.vector_28) <= (_vector_spacing << 0x5))), function at exception vector 28 too large)

.vector_29      0x9fc015a0        0x8
 *(.vector_29)
 .vector_29     0x9fc015a0        0x8 c:/program files (x86)/microchip/xc32/v1.20/bin/../lib/gcc/pic32mx/4.5.2/../../../../pic32mx/lib\libpic32.a(vector29.o)
                0x9fc015a0                __vector_dispatch_29
                0x00000001                ASSERT (((_vector_spacing == 0x0) || (SIZEOF (.vector_29) <= (_vector_spacing << 0x5))), function at exception vector 29 too large)

.vector_30      0x9fc015c0        0x8
 *(.vector_30)
 .vector_30     0x9fc015c0        0x8 c:/program files (x86)/microchip/xc32/v1.20/bin/../lib/gcc/pic32mx/4.5.2/../../../../pic32mx/lib\libpic32.a(vector30.o)
                0x9fc015c0                __vector_dispatch_30
                0x00000001                ASSERT (((_vector_spacing == 0x0) || (SIZEOF (.vector_30) <= (_vector_spacing << 0x5))), function at exception vector 30 too large)

.vector_31      0x9fc015e0        0x8
 *(.vector_31)
 .vector_31     0x9fc015e0        0x8 c:/program files (x86)/microchip/xc32/v1.20/bin/../lib/gcc/pic32mx/4.5.2/../../../../pic32mx/lib\libpic32.a(vector31.o)
                0x9fc015e0                __vector_dispatch_31
                0x00000001                ASSERT (((_vector_spacing == 0x0) || (SIZEOF (.vector_31) <= (_vector_spacing << 0x5))), function at exception vector 31 too large)

.vector_32      0x9fc01600        0x8
 *(.vector_32)
 .vector_32     0x9fc01600        0x8 c:/program files (x86)/microchip/xc32/v1.20/bin/../lib/gcc/pic32mx/4.5.2/../../../../pic32mx/lib\libpic32.a(vector32.o)
                0x9fc01600                __vector_dispatch_32
                0x00000001                ASSERT (((_vector_spacing == 0x0) || (SIZEOF (.vector_32) <= (_vector_spacing << 0x5))), function at exception vector 32 too large)

.vector_33      0x9fc01620        0x8
 *(.vector_33)
 .vector_33     0x9fc01620        0x8 c:/program files (x86)/microchip/xc32/v1.20/bin/../lib/gcc/pic32mx/4.5.2/../../../../pic32mx/lib\libpic32.a(vector33.o)
                0x9fc01620                __vector_dispatch_33
                0x00000001                ASSERT (((_vector_spacing == 0x0) || (SIZEOF (.vector_33) <= (_vector_spacing << 0x5))), function at exception vector 33 too large)

.vector_34      0x9fc01640        0x8
 *(.vector_34)
 .vector_34     0x9fc01640        0x8 c:/program files (x86)/microchip/xc32/v1.20/bin/../lib/gcc/pic32mx/4.5.2/../../../../pic32mx/lib\libpic32.a(vector34.o)
                0x9fc01640                __vector_dispatch_34
                0x00000001                ASSERT (((_vector_spacing == 0x0) || (SIZEOF (.vector_34) <= (_vector_spacing << 0x5))), function at exception vector 34 too large)

.vector_35      0x9fc01660        0x8
 *(.vector_35)
 .vector_35     0x9fc01660        0x8 c:/program files (x86)/microchip/xc32/v1.20/bin/../lib/gcc/pic32mx/4.5.2/../../../../pic32mx/lib\libpic32.a(vector35.o)
                0x9fc01660                __vector_dispatch_35
                0x00000001                ASSERT (((_vector_spacing == 0x0) || (SIZEOF (.vector_35) <= (_vector_spacing << 0x5))), function at exception vector 35 too large)

.vector_36      0x9fc01680        0x8
 *(.vector_36)
 .vector_36     0x9fc01680        0x8 c:/program files (x86)/microchip/xc32/v1.20/bin/../lib/gcc/pic32mx/4.5.2/../../../../pic32mx/lib\libpic32.a(vector36.o)
                0x9fc01680                __vector_dispatch_36
                0x00000001                ASSERT (((_vector_spacing == 0x0) || (SIZEOF (.vector_36) <= (_vector_spacing << 0x5))), function at exception vector 36 too large)

.vector_37      0x9fc016a0        0x8
 *(.vector_37)
 .vector_37     0x9fc016a0        0x8 c:/program files (x86)/microchip/xc32/v1.20/bin/../lib/gcc/pic32mx/4.5.2/../../../../pic32mx/lib\libpic32.a(vector37.o)
                0x9fc016a0                __vector_dispatch_37
                0x00000001                ASSERT (((_vector_spacing == 0x0) || (SIZEOF (.vector_37) <= (_vector_spacing << 0x5))), function at exception vector 37 too large)

.vector_38      0x9fc016c0        0x8
 *(.vector_38)
 .vector_38     0x9fc016c0        0x8 c:/program files (x86)/microchip/xc32/v1.20/bin/../lib/gcc/pic32mx/4.5.2/../../../../pic32mx/lib\libpic32.a(vector38.o)
                0x9fc016c0                __vector_dispatch_38
                0x00000001                ASSERT (((_vector_spacing == 0x0) || (SIZEOF (.vector_38) <= (_vector_spacing << 0x5))), function at exception vector 38 too large)

.vector_39      0x9fc016e0        0x8
 *(.vector_39)
 .vector_39     0x9fc016e0        0x8 c:/program files (x86)/microchip/xc32/v1.20/bin/../lib/gcc/pic32mx/4.5.2/../../../../pic32mx/lib\libpic32.a(vector39.o)
                0x9fc016e0                __vector_dispatch_39
                0x00000001                ASSERT (((_vector_spacing == 0x0) || (SIZEOF (.vector_39) <= (_vector_spacing << 0x5))), function at exception vector 39 too large)

.vector_40      0x9fc01700        0x8
 *(.vector_40)
 .vector_40     0x9fc01700        0x8 c:/program files (x86)/microchip/xc32/v1.20/bin/../lib/gcc/pic32mx/4.5.2/../../../../pic32mx/lib\libpic32.a(vector40.o)
                0x9fc01700                __vector_dispatch_40
                0x00000001                ASSERT (((_vector_spacing == 0x0) || (SIZEOF (.vector_40) <= (_vector_spacing << 0x5))), function at exception vector 40 too large)

.vector_41      0x9fc01720        0x8
 *(.vector_41)
 .vector_41     0x9fc01720        0x8 c:/program files (x86)/microchip/xc32/v1.20/bin/../lib/gcc/pic32mx/4.5.2/../../../../pic32mx/lib\libpic32.a(vector41.o)
                0x9fc01720                __vector_dispatch_41
                0x00000001                ASSERT (((_vector_spacing == 0x0) || (SIZEOF (.vector_41) <= (_vector_spacing << 0x5))), function at exception vector 41 too large)

.vector_42      0x9fc01740        0x8
 *(.vector_42)
 .vector_42     0x9fc01740        0x8 c:/program files (x86)/microchip/xc32/v1.20/bin/../lib/gcc/pic32mx/4.5.2/../../../../pic32mx/lib\libpic32.a(vector42.o)
                0x9fc01740                __vector_dispatch_42
                0x00000001                ASSERT (((_vector_spacing == 0x0) || (SIZEOF (.vector_42) <= (_vector_spacing << 0x5))), function at exception vector 42 too large)

.vector_43      0x9fc01760        0x8
 *(.vector_43)
 .vector_43     0x9fc01760        0x8 c:/program files (x86)/microchip/xc32/v1.20/bin/../lib/gcc/pic32mx/4.5.2/../../../../pic32mx/lib\libpic32.a(vector43.o)
                0x9fc01760                __vector_dispatch_43
                0x00000001                ASSERT (((_vector_spacing == 0x0) || (SIZEOF (.vector_43) <= (_vector_spacing << 0x5))), function at exception vector 43 too large)

.vector_44      0x9fc01780        0x8
 *(.vector_44)
 .vector_44     0x9fc01780        0x8 c:/program files (x86)/microchip/xc32/v1.20/bin/../lib/gcc/pic32mx/4.5.2/../../../../pic32mx/lib\libpic32.a(vector44.o)
                0x9fc01780                __vector_dispatch_44
                0x00000001                ASSERT (((_vector_spacing == 0x0) || (SIZEOF (.vector_44) <= (_vector_spacing << 0x5))), function at exception vector 44 too large)

.vector_45      0x9fc017a0        0x8
 *(.vector_45)
 .vector_45     0x9fc017a0        0x8 c:/program files (x86)/microchip/xc32/v1.20/bin/../lib/gcc/pic32mx/4.5.2/../../../../pic32mx/lib\libpic32.a(vector45.o)
                0x9fc017a0                __vector_dispatch_45
                0x00000001                ASSERT (((_vector_spacing == 0x0) || (SIZEOF (.vector_45) <= (_vector_spacing << 0x5))), function at exception vector 45 too large)

.vector_46      0x9fc017c0        0x8
 *(.vector_46)
 .vector_46     0x9fc017c0        0x8 build/default/debug/Peripheriques/can.o
                0x9fc017c0                __vector_dispatch_46
                0x00000001                ASSERT (((_vector_spacing == 0x0) || (SIZEOF (.vector_46) <= (_vector_spacing << 0x5))), function at exception vector 46 too large)

.vector_47      0x9fc017e0        0x8
 *(.vector_47)
 .vector_47     0x9fc017e0        0x8 c:/program files (x86)/microchip/xc32/v1.20/bin/../lib/gcc/pic32mx/4.5.2/../../../../pic32mx/lib\libpic32.a(vector47.o)
                0x9fc017e0                __vector_dispatch_47
                0x00000001                ASSERT (((_vector_spacing == 0x0) || (SIZEOF (.vector_47) <= (_vector_spacing << 0x5))), function at exception vector 47 too large)

.vector_48      0x9fc01800        0x8
 *(.vector_48)
 .vector_48     0x9fc01800        0x8 c:/program files (x86)/microchip/xc32/v1.20/bin/../lib/gcc/pic32mx/4.5.2/../../../../pic32mx/lib\libpic32.a(vector48.o)
                0x9fc01800                __vector_dispatch_48
                0x00000001                ASSERT (((_vector_spacing == 0x0) || (SIZEOF (.vector_48) <= (_vector_spacing << 0x5))), function at exception vector 48 too large)

.vector_49      0x9fc01820        0x8
 *(.vector_49)
 .vector_49     0x9fc01820        0x8 c:/program files (x86)/microchip/xc32/v1.20/bin/../lib/gcc/pic32mx/4.5.2/../../../../pic32mx/lib\libpic32.a(vector49.o)
                0x9fc01820                __vector_dispatch_49
                0x00000001                ASSERT (((_vector_spacing == 0x0) || (SIZEOF (.vector_49) <= (_vector_spacing << 0x5))), function at exception vector 49 too large)

.vector_50      0x9fc01840        0x8
 *(.vector_50)
 .vector_50     0x9fc01840        0x8 c:/program files (x86)/microchip/xc32/v1.20/bin/../lib/gcc/pic32mx/4.5.2/../../../../pic32mx/lib\libpic32.a(vector50.o)
                0x9fc01840                __vector_dispatch_50
                0x00000001                ASSERT (((_vector_spacing == 0x0) || (SIZEOF (.vector_50) <= (_vector_spacing << 0x5))), function at exception vector 50 too large)

.vector_51      0x9fc01860        0x8
 *(.vector_51)
 .vector_51     0x9fc01860        0x8 c:/program files (x86)/microchip/xc32/v1.20/bin/../lib/gcc/pic32mx/4.5.2/../../../../pic32mx/lib\libpic32.a(vector51.o)
                0x9fc01860                __vector_dispatch_51
                0x00000001                ASSERT (((_vector_spacing == 0x0) || (SIZEOF (.vector_51) <= (_vector_spacing << 0x5))), function at exception vector 51 too large)

.vector_52      0x9fc01880        0x8
 *(.vector_52)
 .vector_52     0x9fc01880        0x8 c:/program files (x86)/microchip/xc32/v1.20/bin/../lib/gcc/pic32mx/4.5.2/../../../../pic32mx/lib\libpic32.a(vector52.o)
                0x9fc01880                __vector_dispatch_52
                0x00000001                ASSERT (((_vector_spacing == 0x0) || (SIZEOF (.vector_52) <= (_vector_spacing << 0x5))), function at exception vector 52 too large)

.vector_53      0x9fc018a0        0x8
 *(.vector_53)
 .vector_53     0x9fc018a0        0x8 c:/program files (x86)/microchip/xc32/v1.20/bin/../lib/gcc/pic32mx/4.5.2/../../../../pic32mx/lib\libpic32.a(vector53.o)
                0x9fc018a0                __vector_dispatch_53
                0x00000001                ASSERT (((_vector_spacing == 0x0) || (SIZEOF (.vector_53) <= (_vector_spacing << 0x5))), function at exception vector 53 too large)

.vector_54      0x9fc018c0        0x8
 *(.vector_54)
 .vector_54     0x9fc018c0        0x8 c:/program files (x86)/microchip/xc32/v1.20/bin/../lib/gcc/pic32mx/4.5.2/../../../../pic32mx/lib\libpic32.a(vector54.o)
                0x9fc018c0                __vector_dispatch_54
                0x00000001                ASSERT (((_vector_spacing == 0x0) || (SIZEOF (.vector_54) <= (_vector_spacing << 0x5))), function at exception vector 54 too large)

.vector_55      0x9fc018e0        0x8
 *(.vector_55)
 .vector_55     0x9fc018e0        0x8 c:/program files (x86)/microchip/xc32/v1.20/bin/../lib/gcc/pic32mx/4.5.2/../../../../pic32mx/lib\libpic32.a(vector55.o)
                0x9fc018e0                __vector_dispatch_55
                0x00000001                ASSERT (((_vector_spacing == 0x0) || (SIZEOF (.vector_55) <= (_vector_spacing << 0x5))), function at exception vector 55 too large)

.vector_56      0x9fc01900        0x8
 *(.vector_56)
 .vector_56     0x9fc01900        0x8 c:/program files (x86)/microchip/xc32/v1.20/bin/../lib/gcc/pic32mx/4.5.2/../../../../pic32mx/lib\libpic32.a(vector56.o)
                0x9fc01900                __vector_dispatch_56
                0x00000001                ASSERT (((_vector_spacing == 0x0) || (SIZEOF (.vector_56) <= (_vector_spacing << 0x5))), function at exception vector 56 too large)

.vector_57      0x9fc01920        0x8
 *(.vector_57)
 .vector_57     0x9fc01920        0x8 c:/program files (x86)/microchip/xc32/v1.20/bin/../lib/gcc/pic32mx/4.5.2/../../../../pic32mx/lib\libpic32.a(vector57.o)
                0x9fc01920                __vector_dispatch_57
                0x00000001                ASSERT (((_vector_spacing == 0x0) || (SIZEOF (.vector_57) <= (_vector_spacing << 0x5))), function at exception vector 57 too large)

.vector_58      0x9fc01940        0x8
 *(.vector_58)
 .vector_58     0x9fc01940        0x8 c:/program files (x86)/microchip/xc32/v1.20/bin/../lib/gcc/pic32mx/4.5.2/../../../../pic32mx/lib\libpic32.a(vector58.o)
                0x9fc01940                __vector_dispatch_58
                0x00000001                ASSERT (((_vector_spacing == 0x0) || (SIZEOF (.vector_58) <= (_vector_spacing << 0x5))), function at exception vector 58 too large)

.vector_59      0x9fc01960        0x8
 *(.vector_59)
 .vector_59     0x9fc01960        0x8 c:/program files (x86)/microchip/xc32/v1.20/bin/../lib/gcc/pic32mx/4.5.2/../../../../pic32mx/lib\libpic32.a(vector59.o)
                0x9fc01960                __vector_dispatch_59
                0x00000001                ASSERT (((_vector_spacing == 0x0) || (SIZEOF (.vector_59) <= (_vector_spacing << 0x5))), function at exception vector 59 too large)

.vector_60      0x9fc01980        0x8
 *(.vector_60)
 .vector_60     0x9fc01980        0x8 c:/program files (x86)/microchip/xc32/v1.20/bin/../lib/gcc/pic32mx/4.5.2/../../../../pic32mx/lib\libpic32.a(vector60.o)
                0x9fc01980                __vector_dispatch_60
                0x00000001                ASSERT (((_vector_spacing == 0x0) || (SIZEOF (.vector_60) <= (_vector_spacing << 0x5))), function at exception vector 60 too large)

.vector_61      0x9fc019a0        0x8
 *(.vector_61)
 .vector_61     0x9fc019a0        0x8 c:/program files (x86)/microchip/xc32/v1.20/bin/../lib/gcc/pic32mx/4.5.2/../../../../pic32mx/lib\libpic32.a(vector61.o)
                0x9fc019a0                __vector_dispatch_61
                0x00000001                ASSERT (((_vector_spacing == 0x0) || (SIZEOF (.vector_61) <= (_vector_spacing << 0x5))), function at exception vector 61 too large)

.vector_62      0x9fc019c0        0x8
 *(.vector_62)
 .vector_62     0x9fc019c0        0x8 c:/program files (x86)/microchip/xc32/v1.20/bin/../lib/gcc/pic32mx/4.5.2/../../../../pic32mx/lib\libpic32.a(vector62.o)
                0x9fc019c0                __vector_dispatch_62
                0x00000001                ASSERT (((_vector_spacing == 0x0) || (SIZEOF (.vector_62) <= (_vector_spacing << 0x5))), function at exception vector 62 too large)

.vector_63      0x9fc019e0        0x8
 *(.vector_63)
 .vector_63     0x9fc019e0        0x8 c:/program files (x86)/microchip/xc32/v1.20/bin/../lib/gcc/pic32mx/4.5.2/../../../../pic32mx/lib\libpic32.a(vector63.o)
                0x9fc019e0                __vector_dispatch_63
                0x00000001                ASSERT (((_vector_spacing == 0x0) || (SIZEOF (.vector_63) <= (_vector_spacing << 0x5))), function at exception vector 63 too large)

.startup
 *(.startup)

.text           0x9d000000        0x0
 *(.stub .gnu.linkonce.t.*)
 *(.text.*personality*)
 *(.mips16.fn.*)
 *(.mips16.call.*)
 *(.gnu.warning)
                0x9d000000                . = ALIGN (0x4)

.init           0x9d000000        0x0
 *crti.o(.init)
 *crtbegin.o(.init)
 *(EXCLUDE_FILE(*crtn.o *crtend?.o *crtend.o) .init)
 *crtend.o(.init)
 *crtn.o(.init)
                0x9d000000                . = ALIGN (0x4)

.fini           0x9d000000        0x0
 *(.fini)
                0x9d000000                . = ALIGN (0x4)

.preinit_array  0x9d000000        0x0
                0x9d000000                PROVIDE (__preinit_array_start, .)
 *(.preinit_array)
                0x9d000000                PROVIDE (__preinit_array_end, .)
                0x9d000000                . = ALIGN (0x4)

.init_array     0x9d000000        0x0
                0x9d000000                PROVIDE (__init_array_start, .)
 *(SORT(.init_array.*))
 *(.init_array)
                0x9d000000                PROVIDE (__init_array_end, .)
                0x9d000000                . = ALIGN (0x4)

.fini_array     0x9d000000        0x0
                0x9d000000                PROVIDE (__fini_array_start, .)
 *(SORT(.fini_array.*))
 *(.fini_array)
                0x9d000000                PROVIDE (__fini_array_end, .)
                0x9d000000                . = ALIGN (0x4)

.ctors          0x9d000000        0x0
 *crtbegin.o(.ctors)
 *crtbegin?.o(.ctors)
 *(EXCLUDE_FILE(*crtend?.o *crtend.o) .ctors)
 *(SORT(.ctors.*))
 *(.ctors)
                0x9d000000                . = ALIGN (0x4)

.dtors          0x9d000000        0x0
 *crtbegin.o(.dtors)
 *crtbegin?.o(.dtors)
 *(EXCLUDE_FILE(*crtend?.o *crtend.o) .dtors)
 *(SORT(.dtors.*))
 *(.dtors)
                0x9d000000                . = ALIGN (0x4)

.rodata         0x9d000000        0x0
 *(.gnu.linkonce.r.*)
 *(.rodata1)
                0x9d000000                . = ALIGN (0x4)

.sdata2         0x9fc00490        0x0
 *(.sdata2 .sdata2.* .gnu.linkonce.s2.*)
                0x9fc00490                . = ALIGN (0x4)

.sbss2          0x9fc00490        0x0
 *(.sbss2 .sbss2.* .gnu.linkonce.sb2.*)
                0x9fc00490                . = ALIGN (0x4)

.eh_frame_hdr
 *(.eh_frame_hdr)
                0x9fc00490                . = ALIGN (0x4)

.eh_frame
 *(.eh_frame)
                0x9fc00490                . = ALIGN (0x4)

.gcc_except_table
 *(.gcc_except_table .gcc_except_table.*)
                0x9fc00490                . = ALIGN (0x4)

.dbg_data       0xa0000000      0x200
                0xa0000000                . = (. + DEFINED (_DEBUGGER)?0x200:0x0)
 *fill*         0xa0000000      0x200 00

.jcr            0xa0000200        0x0
 *(.jcr)
                0xa0000200                . = ALIGN (0x4)

.eh_frame       0xa0000200       0x30
 *(.eh_frame)
 .eh_frame      0xa0000200       0x20 c:/program files (x86)/microchip/xc32/v1.20/bin/../lib/gcc/pic32mx/4.5.2\libgcc.a(_udivdi3.o)
 .eh_frame      0xa0000220       0x10 c:/program files (x86)/microchip/xc32/v1.20/bin/../lib/gcc/pic32mx/4.5.2\libgcc.a(_umoddi3.o)
                0xa0000230                . = ALIGN (0x4)

.gcc_except_table
 *(.gcc_except_table .gcc_except_table.*)
                0xa0000230                . = ALIGN (0x4)

.persist        0xa0000230        0x0
                0xa0000230                _persist_begin = .
 *(.persist .persist.*)
 *(.pbss .pbss.*)
                0xa0000230                . = ALIGN (0x4)
                0xa0000230                _persist_end = .

.data           0xa0000230        0x0
 *(.gnu.linkonce.d.*)
 *(.data1)
                0xa0000230                . = ALIGN (0x4)
                0xa0000230                . = .
                0xa0008220                _gp = (ALIGN (0x10) + 0x7ff0)

.got            0xa0000230        0x0
 *(.got.plt)
 *(.got)
                0xa0000230                . = ALIGN (0x4)

.sdata          0xa0000230       0x2c
                0xa0000230                _sdata_begin = .
 *(.sdata .sdata.* .gnu.linkonce.s.*)
 .sdata         0xa0000230        0x4 build/default/debug/_ext/971107649/port.o
                0xa0000230                uxInterruptNesting
 .sdata         0xa0000234        0x4 build/default/debug/_ext/381897321/tasks.o
                0xa0000234                xNextTaskUnblockTime
 .sdata         0xa0000238        0x8 build/default/debug/ft.o
                0xa0000238                Am
                0xa000023c                Bm
 .sdata         0xa0000240        0xc build/default/debug/main.o
                0xa0000240                ref
                0xa0000244                flagAuto
                0xa0000248                spiChannel
 .sdata         0xa000024c        0x8 c:/program files (x86)/microchip/xc32/v1.20/bin/../lib/gcc/pic32mx/4.5.2/../../../../pic32mx/lib\libmchp_peripheral_32MX795F512L.a(CANConfiguration.o)
                0xa000024c                canModules
 .sdata         0xa0000254        0x4 c:/program files (x86)/microchip/xc32/v1.20/bin/../lib/gcc/pic32mx/4.5.2/../../../../pic32mx/lib\libc.a(_iob.o)
                0xa0000254                _Files
 .sdata         0xa0000258        0x4 c:/program files (x86)/microchip/xc32/v1.20/bin/../lib/gcc/pic32mx/4.5.2/../../../../pic32mx/lib\libpic32.a(xc32_uart.o)
                0xa0000258                __XC_UART
                0xa000025c                . = ALIGN (0x4)
                0xa000025c                _sdata_end = .

.lit8
 *(.lit8)

.lit4
 *(.lit4)
                0xa000025c                . = ALIGN (0x4)
                0xa000025c                _data_end = .
                0xa000025c                _bss_begin = .

.sbss           0xa000025c       0x98
                0xa000025c                _sbss_begin = .
 *(.dynsbss)
 *(.sbss .sbss.* .gnu.linkonce.sb.*)
 .sbss          0xa000025c        0x4 build/default/debug/_ext/971107649/port.o
                0xa000025c                uxSavedTaskStackPointer
 .sbss          0xa0000260        0x8 build/default/debug/_ext/167578668/heap_1.o
 .sbss          0xa0000268       0x14 build/default/debug/_ext/381897321/croutine.o
                0xa0000268                pxCurrentCoRoutine
                0xa000026c                uxTopCoRoutineReadyPriority
                0xa0000270                xCoRoutineTickCount
                0xa0000274                xLastTickCount
                0xa0000278                xPassedTicks
 .sbss          0xa000027c       0x2c build/default/debug/_ext/381897321/tasks.o
                0xa000027c                pxCurrentTCB
                0xa0000280                uxCurrentNumberOfTasks
                0xa0000284                xTickCount
                0xa0000288                uxTopUsedPriority
                0xa000028c                uxTopReadyPriority
                0xa0000290                xSchedulerRunning
                0xa0000294                uxSchedulerSuspended
                0xa0000298                uxMissedTicks
                0xa000029c                xMissedYield
                0xa00002a0                xNumOfOverflows
                0xa00002a4                uxTaskNumber
 .sbss          0xa00002a8        0x4 build/default/debug/Peripheriques/can.o
 .sbss          0xa00002ac       0x14 build/default/debug/main.o
                0xa00002ac                pwm
                0xa00002b0                fil
                0xa00002b4                pMesure
                0xa00002b8                pCommande
 .sbss          0xa00002c0        0x1 c:/program files (x86)/microchip/xc32/v1.20/bin/../lib/gcc/pic32mx/4.5.2/../../../../pic32mx/lib\libc.a(_iob.o)
                0xa00002c0                _outdone
 *(.scommon)
 *fill*         0xa00002c1        0x3 00
 .scommon       0xa00002c4        0x8 build/default/debug/_ext/381897321/croutine.o
                0xa00002c4                pxOverflowDelayedCoRoutineList
                0xa00002c8                pxDelayedCoRoutineList
 .scommon       0xa00002cc        0x8 build/default/debug/_ext/381897321/tasks.o
                0xa00002cc                pxOverflowDelayedTaskList
                0xa00002d0                pxDelayedTaskList
 .scommon       0xa00002d4       0x10 build/default/debug/ft.o
                0xa00002d4                urt
                0xa00002d8                yrt
                0xa00002dc                prepa_cmde
                0xa00002e0                compo_continu
 .scommon       0xa00002e4       0x10 build/default/debug/main.o
                0xa00002e4                aux
                0xa00002e8                xDialogueUARTHandle
                0xa00002ec                xTraitementMesuresHandle
                0xa00002f0                xDialogueCANHandle
                0xa00002f4                _sbss_end = .
                0xa00002f4                . = ALIGN (0x4)

.bss            0xa00002f4      0x3e4
 *(.dynbss)
 *(COMMON)
 COMMON         0xa00002f4       0x64 build/default/debug/_ext/381897321/croutine.o
                0xa00002f4                pxReadyCoRoutineLists
                0xa000031c                xDelayedCoRoutineList2
                0xa0000330                xPendingReadyCoRoutineList
                0xa0000344                xDelayedCoRoutineList1
 COMMON         0xa0000358       0xc8 build/default/debug/_ext/381897321/tasks.o
                0xa0000358                xDelayedTaskList2
                0xa000036c                xSuspendedTaskList
                0xa0000380                xPendingReadyList
                0xa0000394                pxReadyTasksLists
                0xa000040c                xDelayedTaskList1
 COMMON         0xa0000420       0x38 build/default/debug/ft.o
                0xa0000420                yt
                0xa0000434                ut
                0xa0000448                yreft
 COMMON         0xa0000458      0x280 build/default/debug/main.o
                0xa0000458                mesure
                0xa00005d8                commande
                0xa00006d8                . = ALIGN ((. != 0x0)?0x4:0x1)
                0xa00006d8                . = ALIGN (0x4)
                0xa00006d8                _end = .
                0xa00006d8                _bss_end = .
                0x00020000                _bmxdudba_address = 0x20000
                0x00020000                _bmxdupba_address = 0x20000

/DISCARD/
 *(.pdr)
 *(.rel.dyn)
 *(.note.GNU-stack)
 *(.note.GNU-stack)
 *(.gnu_debuglink)
 *(.gnu.lto_*)
 *(.discard)

.gptab.sdata
 *(.gptab.data)
 *(.gptab.sdata)

.gptab.sbss
 *(.gptab.bss)
 *(.gptab.sbss)

.mdebug.abi32   0xa00006d8        0x0
 *(.mdebug.abi32)
 .mdebug.abi32  0xa00006d8        0x0 build/default/debug/_ext/971107649/port.o
 .mdebug.abi32  0xa00006d8        0x0 build/default/debug/_ext/167578668/heap_1.o
 .mdebug.abi32  0xa00006d8        0x0 build/default/debug/_ext/381897321/croutine.o
 .mdebug.abi32  0xa00006d8        0x0 build/default/debug/_ext/381897321/list.o
 .mdebug.abi32  0xa00006d8        0x0 build/default/debug/_ext/381897321/queue.o
 .mdebug.abi32  0xa00006d8        0x0 build/default/debug/_ext/381897321/tasks.o
 .mdebug.abi32  0xa00006d8        0x0 build/default/debug/_ext/381897321/timers.o
 .mdebug.abi32  0xa00006d8        0x0 build/default/debug/Peripheriques/gpio.o
 .mdebug.abi32  0xa00006d8        0x0 build/default/debug/Peripheriques/pwm.o
 .mdebug.abi32  0xa00006d8        0x0 build/default/debug/Peripheriques/spi.o
 .mdebug.abi32  0xa00006d8        0x0 build/default/debug/Peripheriques/timer.o
 .mdebug.abi32  0xa00006d8        0x0 build/default/debug/Peripheriques/uart.o
 .mdebug.abi32  0xa00006d8        0x0 build/default/debug/ft.o
 .mdebug.abi32  0xa00006d8        0x0 build/default/debug/Peripheriques/can.o
 .mdebug.abi32  0xa00006d8        0x0 build/default/debug/main.o
 .mdebug.abi32  0xa00006d8        0x0 c:/program files (x86)/microchip/xc32/v1.20/bin/../lib/gcc/pic32mx/4.5.2/../../../../pic32mx/lib\libmchp_peripheral_32MX795F512L.a(CANConfiguration.o)
 .mdebug.abi32  0xa00006d8        0x0 c:/program files (x86)/microchip/xc32/v1.20/bin/../lib/gcc/pic32mx/4.5.2/../../../../pic32mx/lib\libmchp_peripheral_32MX795F512L.a(CANEventFunctions.o)
 .mdebug.abi32  0xa00006d8        0x0 c:/program files (x86)/microchip/xc32/v1.20/bin/../lib/gcc/pic32mx/4.5.2/../../../../pic32mx/lib\libmchp_peripheral_32MX795F512L.a(CANFilterFunctions.o)
 .mdebug.abi32  0xa00006d8        0x0 c:/program files (x86)/microchip/xc32/v1.20/bin/../lib/gcc/pic32mx/4.5.2/../../../../pic32mx/lib\libmchp_peripheral_32MX795F512L.a(CANReceiveFunctions.o)
 .mdebug.abi32  0xa00006d8        0x0 c:/program files (x86)/microchip/xc32/v1.20/bin/../lib/gcc/pic32mx/4.5.2/../../../../pic32mx/lib\libmchp_peripheral_32MX795F512L.a(CANTransmitFunctions.o)
 .mdebug.abi32  0xa00006d8        0x0 c:/program files (x86)/microchip/xc32/v1.20/bin/../lib/gcc/pic32mx/4.5.2/../../../../pic32mx/lib\libmchp_peripheral_32MX795F512L.a(pcache.o)
 .mdebug.abi32  0xa00006d8        0x0 c:/program files (x86)/microchip/xc32/v1.20/bin/../lib/gcc/pic32mx/4.5.2/../../../../pic32mx/lib\libmchp_peripheral_32MX795F512L.a(int_enable_interrupts_lib.o)
 .mdebug.abi32  0xa00006d8        0x0 c:/program files (x86)/microchip/xc32/v1.20/bin/../lib/gcc/pic32mx/4.5.2/../../../../pic32mx/lib\libmchp_peripheral_32MX795F512L.a(int_disable_interrupts_lib.o)
 .mdebug.abi32  0xa00006d8        0x0 c:/program files (x86)/microchip/xc32/v1.20/bin/../lib/gcc/pic32mx/4.5.2/../../../../pic32mx/lib\libmchp_peripheral_32MX795F512L.a(int_restore_interrupts_lib.o)
 .mdebug.abi32  0xa00006d8        0x0 c:/program files (x86)/microchip/xc32/v1.20/bin/../lib/gcc/pic32mx/4.5.2/../../../../pic32mx/lib\libmchp_peripheral_32MX795F512L.a(int_enable_mv_int_lib.o)
 .mdebug.abi32  0xa00006d8        0x0 c:/program files (x86)/microchip/xc32/v1.20/bin/../lib/gcc/pic32mx/4.5.2/../../../../pic32mx/lib\libmchp_peripheral_32MX795F512L.a(int_tbl_lib.o)
 .mdebug.abi32  0xa00006d8        0x0 c:/program files (x86)/microchip/xc32/v1.20/bin/../lib/gcc/pic32mx/4.5.2/../../../../pic32mx/lib\libmchp_peripheral_32MX795F512L.a(spi_chn_close_lib.o)
 .mdebug.abi32  0xa00006d8        0x0 c:/program files (x86)/microchip/xc32/v1.20/bin/../lib/gcc/pic32mx/4.5.2/../../../../pic32mx/lib\libmchp_peripheral_32MX795F512L.a(spi_chn_gets_lib.o)
 .mdebug.abi32  0xa00006d8        0x0 c:/program files (x86)/microchip/xc32/v1.20/bin/../lib/gcc/pic32mx/4.5.2/../../../../pic32mx/lib\libmchp_peripheral_32MX795F512L.a(spi_chn_open_lib.o)
 .mdebug.abi32  0xa00006d8        0x0 c:/program files (x86)/microchip/xc32/v1.20/bin/../lib/gcc/pic32mx/4.5.2/../../../../pic32mx/lib\libmchp_peripheral_32MX795F512L.a(spi_chn_puts_lib.o)
 .mdebug.abi32  0xa00006d8        0x0 c:/program files (x86)/microchip/xc32/v1.20/bin/../lib/gcc/pic32mx/4.5.2/../../../../pic32mx/lib\libmchp_peripheral_32MX795F512L.a(spi_chn_tx_buff_empty_lib.o)
 .mdebug.abi32  0xa00006d8        0x0 c:/program files (x86)/microchip/xc32/v1.20/bin/../lib/gcc/pic32mx/4.5.2/../../../../pic32mx/lib\libmchp_peripheral_32MX795F512L.a(spi_chn_rx_buff_empty_lib.o)
 .mdebug.abi32  0xa00006d8        0x0 c:/program files (x86)/microchip/xc32/v1.20/bin/../lib/gcc/pic32mx/4.5.2/../../../../pic32mx/lib\libmchp_peripheral_32MX795F512L.a(spi_io_tbl_libp.o)
 .mdebug.abi32  0xa00006d8        0x0 c:/program files (x86)/microchip/xc32/v1.20/bin/../lib/gcc/pic32mx/4.5.2/../../../../pic32mx/lib\libmchp_peripheral_32MX795F512L.a(spi_map_tbl_libp.o)
 .mdebug.abi32  0xa00006d8        0x0 c:/program files (x86)/microchip/xc32/v1.20/bin/../lib/gcc/pic32mx/4.5.2/../../../../pic32mx/lib\libmchp_peripheral_32MX795F512L.a(port_reset_pins_lib.o)
 .mdebug.abi32  0xa00006d8        0x0 c:/program files (x86)/microchip/xc32/v1.20/bin/../lib/gcc/pic32mx/4.5.2/../../../../pic32mx/lib\libmchp_peripheral_32MX795F512L.a(port_set_pins_digital_in_lib.o)
 .mdebug.abi32  0xa00006d8        0x0 c:/program files (x86)/microchip/xc32/v1.20/bin/../lib/gcc/pic32mx/4.5.2/../../../../pic32mx/lib\libmchp_peripheral_32MX795F512L.a(port_set_pins_digital_out_lib.o)
 .mdebug.abi32  0xa00006d8        0x0 c:/program files (x86)/microchip/xc32/v1.20/bin/../lib/gcc/pic32mx/4.5.2/../../../../pic32mx/lib\libmchp_peripheral_32MX795F512L.a(port_set_bits_lib.o)
 .mdebug.abi32  0xa00006d8        0x0 c:/program files (x86)/microchip/xc32/v1.20/bin/../lib/gcc/pic32mx/4.5.2/../../../../pic32mx/lib\libmchp_peripheral_32MX795F512L.a(port_toggle_bits_lib.o)
 .mdebug.abi32  0xa00006d8        0x0 c:/program files (x86)/microchip/xc32/v1.20/bin/../lib/gcc/pic32mx/4.5.2/../../../../pic32mx/lib\libmchp_peripheral_32MX795F512L.a(_ports_tbl_libp.o)
 .mdebug.abi32  0xa00006d8        0x0 c:/program files (x86)/microchip/xc32/v1.20/bin/../lib/gcc/pic32mx/4.5.2/../../../../pic32mx/lib\libmchp_peripheral_32MX795F512L.a(uart_lib.o)
 .mdebug.abi32  0xa00006d8        0x0 c:/program files (x86)/microchip/xc32/v1.20/bin/../lib/gcc/pic32mx/4.5.2\libgcc.a(floatunsisf.o)
 .mdebug.abi32  0xa00006d8        0x0 c:/program files (x86)/microchip/xc32/v1.20/bin/../lib/gcc/pic32mx/4.5.2/../../../../pic32mx/lib\libpic32.a(default-bootstrap-exception-handler.o)
 .mdebug.abi32  0xa00006d8        0x0 c:/program files (x86)/microchip/xc32/v1.20/bin/../lib/gcc/pic32mx/4.5.2/../../../../pic32mx/lib\libpic32.a(default-on-reset.o)
 .mdebug.abi32  0xa00006d8        0x0 c:/program files (x86)/microchip/xc32/v1.20/bin/../lib/gcc/pic32mx/4.5.2/../../../../pic32mx/lib\libpic32.a(default-on-bootstrap.o)
 .mdebug.abi32  0xa00006d8        0x0 c:/program files (x86)/microchip/xc32/v1.20/bin/../lib/gcc/pic32mx/4.5.2/../../../../pic32mx/lib\libpic32.a(default-general-exception-handler.o)
 .mdebug.abi32  0xa00006d8        0x0 c:/program files (x86)/microchip/xc32/v1.20/bin/../lib/gcc/pic32mx/4.5.2/../../../../pic32mx/lib\libpic32.a(defaultinterrupt.o)
 .mdebug.abi32  0xa00006d8        0x0 c:/program files (x86)/microchip/xc32/v1.20/bin/../lib/gcc/pic32mx/4.5.2/../../../../pic32mx/lib\libc.a(strncpy.o)
 .mdebug.abi32  0xa00006d8        0x0 c:/program files (x86)/microchip/xc32/v1.20/bin/../lib/gcc/pic32mx/4.5.2/../../../../pic32mx/lib\libc.a(sprintf_cdnopsuxX.eo)
 .mdebug.abi32  0xa00006d8        0x0 c:/program files (x86)/microchip/xc32/v1.20/bin/../lib/gcc/pic32mx/4.5.2/../../../../pic32mx/lib\libc.a(sscanf_cdnopuxX.eo)
 .mdebug.abi32  0xa00006d8        0x0 c:/program files (x86)/microchip/xc32/v1.20/bin/../lib/gcc/pic32mx/4.5.2/../../../../pic32mx/lib\libc.a(doprnt_cdnopsuxX.eo)
 .mdebug.abi32  0xa00006d8        0x0 c:/program files (x86)/microchip/xc32/v1.20/bin/../lib/gcc/pic32mx/4.5.2/../../../../pic32mx/lib\libc.a(doscan_cdnopuxX.eo)
 .mdebug.abi32  0xa00006d8        0x0 c:/program files (x86)/microchip/xc32/v1.20/bin/../lib/gcc/pic32mx/4.5.2/../../../../pic32mx/lib\libc.a(fgetc.o)
 .mdebug.abi32  0xa00006d8        0x0 c:/program files (x86)/microchip/xc32/v1.20/bin/../lib/gcc/pic32mx/4.5.2/../../../../pic32mx/lib\libc.a(_fputc_simple.o)
 .mdebug.abi32  0xa00006d8        0x0 c:/program files (x86)/microchip/xc32/v1.20/bin/../lib/gcc/pic32mx/4.5.2/../../../../pic32mx/lib\libc.a(atoi.o)
 .mdebug.abi32  0xa00006d8        0x0 c:/program files (x86)/microchip/xc32/v1.20/bin/../lib/gcc/pic32mx/4.5.2/../../../../pic32mx/lib\libc.a(ctype.o)
 .mdebug.abi32  0xa00006d8        0x0 c:/program files (x86)/microchip/xc32/v1.20/bin/../lib/gcc/pic32mx/4.5.2/../../../../pic32mx/lib\libc.a(ctypef.o)
 .mdebug.abi32  0xa00006d8        0x0 c:/program files (x86)/microchip/xc32/v1.20/bin/../lib/gcc/pic32mx/4.5.2/../../../../pic32mx/lib\libc.a(ungetc.o)
 .mdebug.abi32  0xa00006d8        0x0 c:/program files (x86)/microchip/xc32/v1.20/bin/../lib/gcc/pic32mx/4.5.2/../../../../pic32mx/lib\libc.a(_iob.o)
 .mdebug.abi32  0xa00006d8        0x0 c:/program files (x86)/microchip/xc32/v1.20/bin/../lib/gcc/pic32mx/4.5.2/../../../../pic32mx/lib\libc.a(filbuf.o)
 .mdebug.abi32  0xa00006d8        0x0 c:/program files (x86)/microchip/xc32/v1.20/bin/../lib/gcc/pic32mx/4.5.2/../../../../pic32mx/lib\libc.a(_flsbuf_simple.o)
 .mdebug.abi32  0xa00006d8        0x0 c:/program files (x86)/microchip/xc32/v1.20/bin/../lib/gcc/pic32mx/4.5.2/../../../../pic32mx/lib\libc.a(fflush.o)
 .mdebug.abi32  0xa00006d8        0x0 c:/program files (x86)/microchip/xc32/v1.20/bin/../lib/gcc/pic32mx/4.5.2/../../../../pic32mx/lib\libpic32.a(read.o)
 .mdebug.abi32  0xa00006d8        0x0 c:/program files (x86)/microchip/xc32/v1.20/bin/../lib/gcc/pic32mx/4.5.2/../../../../pic32mx/lib\libpic32.a(write.o)
 .mdebug.abi32  0xa00006d8        0x0 c:/program files (x86)/microchip/xc32/v1.20/bin/../lib/gcc/pic32mx/4.5.2/../../../../pic32mx/lib\libpic32.a(xc32_uart.o)
 .mdebug.abi32  0xa00006d8        0x0 c:/program files (x86)/microchip/xc32/v1.20/bin/../lib/gcc/pic32mx/4.5.2/../../../../pic32mx/lib\libpic32.a(_mon_putc.o)
 .mdebug.abi32  0xa00006d8        0x0 c:/program files (x86)/microchip/xc32/v1.20/bin/../lib/gcc/pic32mx/4.5.2\libgcc.a(_udivdi3.o)
 .mdebug.abi32  0xa00006d8        0x0 c:/program files (x86)/microchip/xc32/v1.20/bin/../lib/gcc/pic32mx/4.5.2\libgcc.a(_umoddi3.o)

.mdebug.abiN32
 *(.mdebug.abiN32)

.mdebug.abi64
 *(.mdebug.abi64)

.mdebug.abiO64
 *(.mdebug.abiO64)

.mdebug.eabi32
 *(.mdebug.eabi32)

.mdebug.eabi64
 *(.mdebug.eabi64)

.gcc_compiled_long32
 *(.gcc_compiled_long32)

.gcc_compiled_long64
 *(.gcc_compiled_long64)

.stab
 *(.stab)

.stabstr
 *(.stabstr)

.stab.excl
 *(.stab.excl)

.stab.exclstr
 *(.stab.exclstr)

.stab.index
 *(.stab.index)

.stab.indexstr
 *(.stab.indexstr)

.comment        0x00000000      0x15f
 *(.comment)
 .comment       0x00000000       0x3c build/default/debug/_ext/971107649/port.o
                                 0x3d (size before relaxing)
 .comment       0x00000000       0x3d build/default/debug/_ext/167578668/heap_1.o
 .comment       0x00000000       0x3d build/default/debug/_ext/381897321/croutine.o
 .comment       0x00000000       0x3d build/default/debug/_ext/381897321/list.o
 .comment       0x00000000       0x3d build/default/debug/_ext/381897321/queue.o
 .comment       0x00000000       0x3d build/default/debug/_ext/381897321/tasks.o
 .comment       0x00000000       0x3d build/default/debug/_ext/381897321/timers.o
 .comment       0x00000000       0x3d build/default/debug/Peripheriques/gpio.o
 .comment       0x00000000       0x3d build/default/debug/Peripheriques/pwm.o
 .comment       0x00000000       0x3d build/default/debug/Peripheriques/spi.o
 .comment       0x00000000       0x3d build/default/debug/Peripheriques/timer.o
 .comment       0x00000000       0x3d build/default/debug/Peripheriques/uart.o
 .comment       0x00000000       0x3d build/default/debug/ft.o
 .comment       0x00000000       0x3d build/default/debug/Peripheriques/can.o
 .comment       0x00000000       0x3d build/default/debug/main.o
 .comment       0x00000000       0x3d c:/program files (x86)/microchip/xc32/v1.20/bin/../lib/gcc/pic32mx/4.5.2/../../../../pic32mx/lib\libmchp_peripheral_32MX795F512L.a(CANConfiguration.o)
 .comment       0x00000000       0x3d c:/program files (x86)/microchip/xc32/v1.20/bin/../lib/gcc/pic32mx/4.5.2/../../../../pic32mx/lib\libmchp_peripheral_32MX795F512L.a(CANEventFunctions.o)
 .comment       0x00000000       0x3d c:/program files (x86)/microchip/xc32/v1.20/bin/../lib/gcc/pic32mx/4.5.2/../../../../pic32mx/lib\libmchp_peripheral_32MX795F512L.a(CANFilterFunctions.o)
 .comment       0x00000000       0x3d c:/program files (x86)/microchip/xc32/v1.20/bin/../lib/gcc/pic32mx/4.5.2/../../../../pic32mx/lib\libmchp_peripheral_32MX795F512L.a(CANReceiveFunctions.o)
 .comment       0x00000000       0x3d c:/program files (x86)/microchip/xc32/v1.20/bin/../lib/gcc/pic32mx/4.5.2/../../../../pic32mx/lib\libmchp_peripheral_32MX795F512L.a(CANTransmitFunctions.o)
 .comment       0x00000000       0x3d c:/program files (x86)/microchip/xc32/v1.20/bin/../lib/gcc/pic32mx/4.5.2/../../../../pic32mx/lib\libmchp_peripheral_32MX795F512L.a(pcache.o)
 .comment       0x00000000       0x3d c:/program files (x86)/microchip/xc32/v1.20/bin/../lib/gcc/pic32mx/4.5.2/../../../../pic32mx/lib\libmchp_peripheral_32MX795F512L.a(int_enable_interrupts_lib.o)
 .comment       0x00000000       0x3d c:/program files (x86)/microchip/xc32/v1.20/bin/../lib/gcc/pic32mx/4.5.2/../../../../pic32mx/lib\libmchp_peripheral_32MX795F512L.a(int_disable_interrupts_lib.o)
 .comment       0x00000000       0x3d c:/program files (x86)/microchip/xc32/v1.20/bin/../lib/gcc/pic32mx/4.5.2/../../../../pic32mx/lib\libmchp_peripheral_32MX795F512L.a(int_restore_interrupts_lib.o)
 .comment       0x00000000       0x3d c:/program files (x86)/microchip/xc32/v1.20/bin/../lib/gcc/pic32mx/4.5.2/../../../../pic32mx/lib\libmchp_peripheral_32MX795F512L.a(int_enable_mv_int_lib.o)
 .comment       0x00000000       0x3d c:/program files (x86)/microchip/xc32/v1.20/bin/../lib/gcc/pic32mx/4.5.2/../../../../pic32mx/lib\libmchp_peripheral_32MX795F512L.a(int_tbl_lib.o)
 .comment       0x00000000       0x3d c:/program files (x86)/microchip/xc32/v1.20/bin/../lib/gcc/pic32mx/4.5.2/../../../../pic32mx/lib\libmchp_peripheral_32MX795F512L.a(spi_chn_close_lib.o)
 .comment       0x00000000       0x3d c:/program files (x86)/microchip/xc32/v1.20/bin/../lib/gcc/pic32mx/4.5.2/../../../../pic32mx/lib\libmchp_peripheral_32MX795F512L.a(spi_chn_gets_lib.o)
 .comment       0x00000000       0x3d c:/program files (x86)/microchip/xc32/v1.20/bin/../lib/gcc/pic32mx/4.5.2/../../../../pic32mx/lib\libmchp_peripheral_32MX795F512L.a(spi_chn_open_lib.o)
 .comment       0x00000000       0x3d c:/program files (x86)/microchip/xc32/v1.20/bin/../lib/gcc/pic32mx/4.5.2/../../../../pic32mx/lib\libmchp_peripheral_32MX795F512L.a(spi_chn_puts_lib.o)
 .comment       0x00000000       0x3d c:/program files (x86)/microchip/xc32/v1.20/bin/../lib/gcc/pic32mx/4.5.2/../../../../pic32mx/lib\libmchp_peripheral_32MX795F512L.a(spi_chn_tx_buff_empty_lib.o)
 .comment       0x00000000       0x3d c:/program files (x86)/microchip/xc32/v1.20/bin/../lib/gcc/pic32mx/4.5.2/../../../../pic32mx/lib\libmchp_peripheral_32MX795F512L.a(spi_chn_rx_buff_empty_lib.o)
 .comment       0x00000000       0x3d c:/program files (x86)/microchip/xc32/v1.20/bin/../lib/gcc/pic32mx/4.5.2/../../../../pic32mx/lib\libmchp_peripheral_32MX795F512L.a(spi_io_tbl_libp.o)
 .comment       0x00000000       0x3d c:/program files (x86)/microchip/xc32/v1.20/bin/../lib/gcc/pic32mx/4.5.2/../../../../pic32mx/lib\libmchp_peripheral_32MX795F512L.a(spi_map_tbl_libp.o)
 .comment       0x00000000       0x3d c:/program files (x86)/microchip/xc32/v1.20/bin/../lib/gcc/pic32mx/4.5.2/../../../../pic32mx/lib\libmchp_peripheral_32MX795F512L.a(port_reset_pins_lib.o)
 .comment       0x00000000       0x3d c:/program files (x86)/microchip/xc32/v1.20/bin/../lib/gcc/pic32mx/4.5.2/../../../../pic32mx/lib\libmchp_peripheral_32MX795F512L.a(port_set_pins_digital_in_lib.o)
 .comment       0x00000000       0x3d c:/program files (x86)/microchip/xc32/v1.20/bin/../lib/gcc/pic32mx/4.5.2/../../../../pic32mx/lib\libmchp_peripheral_32MX795F512L.a(port_set_pins_digital_out_lib.o)
 .comment       0x00000000       0x3d c:/program files (x86)/microchip/xc32/v1.20/bin/../lib/gcc/pic32mx/4.5.2/../../../../pic32mx/lib\libmchp_peripheral_32MX795F512L.a(port_set_bits_lib.o)
 .comment       0x00000000       0x3d c:/program files (x86)/microchip/xc32/v1.20/bin/../lib/gcc/pic32mx/4.5.2/../../../../pic32mx/lib\libmchp_peripheral_32MX795F512L.a(port_toggle_bits_lib.o)
 .comment       0x00000000       0x3d c:/program files (x86)/microchip/xc32/v1.20/bin/../lib/gcc/pic32mx/4.5.2/../../../../pic32mx/lib\libmchp_peripheral_32MX795F512L.a(_ports_tbl_libp.o)
 .comment       0x00000000       0x3d c:/program files (x86)/microchip/xc32/v1.20/bin/../lib/gcc/pic32mx/4.5.2/../../../../pic32mx/lib\libmchp_peripheral_32MX795F512L.a(uart_lib.o)
 .comment       0x00000000       0x3d c:/program files (x86)/microchip/xc32/v1.20/bin/../lib/gcc/pic32mx/4.5.2\libgcc.a(floatunsisf.o)
 .comment       0x0000003c       0x18 c:/program files (x86)/microchip/xc32/v1.20/bin/../lib/gcc/pic32mx/4.5.2/../../../../pic32mx/lib\libpic32.a(memset.o)
                                 0x19 (size before relaxing)
 .comment       0x00000054       0x55 c:/program files (x86)/microchip/xc32/v1.20/bin/../lib/gcc/pic32mx/4.5.2/../../../../pic32mx/lib\libpic32.a(strcmp.o)
                                 0x56 (size before relaxing)
 .comment       0x000000a9       0x19 c:/program files (x86)/microchip/xc32/v1.20/bin/../lib/gcc/pic32mx/4.5.2/../../../../pic32mx/lib\libpic32.a(strlen.o)
                                 0x1a (size before relaxing)
 .comment       0x00000000       0x3d c:/program files (x86)/microchip/xc32/v1.20/bin/../lib/gcc/pic32mx/4.5.2/../../../../pic32mx/lib\libpic32.a(default-bootstrap-exception-handler.o)
 .comment       0x00000000       0x3d c:/program files (x86)/microchip/xc32/v1.20/bin/../lib/gcc/pic32mx/4.5.2/../../../../pic32mx/lib\libpic32.a(default-on-reset.o)
 .comment       0x00000000       0x3d c:/program files (x86)/microchip/xc32/v1.20/bin/../lib/gcc/pic32mx/4.5.2/../../../../pic32mx/lib\libpic32.a(default-on-bootstrap.o)
 .comment       0x00000000       0x3d c:/program files (x86)/microchip/xc32/v1.20/bin/../lib/gcc/pic32mx/4.5.2/../../../../pic32mx/lib\libpic32.a(default-general-exception-handler.o)
 .comment       0x00000000       0x3d c:/program files (x86)/microchip/xc32/v1.20/bin/../lib/gcc/pic32mx/4.5.2/../../../../pic32mx/lib\libpic32.a(defaultinterrupt.o)
 .comment       0x00000000       0x3d c:/program files (x86)/microchip/xc32/v1.20/bin/../lib/gcc/pic32mx/4.5.2/../../../../pic32mx/lib\libc.a(strncpy.o)
 .comment       0x00000000       0x3d c:/program files (x86)/microchip/xc32/v1.20/bin/../lib/gcc/pic32mx/4.5.2/../../../../pic32mx/lib\libc.a(sprintf_cdnopsuxX.eo)
 .comment       0x00000000       0x3d c:/program files (x86)/microchip/xc32/v1.20/bin/../lib/gcc/pic32mx/4.5.2/../../../../pic32mx/lib\libc.a(sscanf_cdnopuxX.eo)
 .comment       0x00000000       0x3d c:/program files (x86)/microchip/xc32/v1.20/bin/../lib/gcc/pic32mx/4.5.2/../../../../pic32mx/lib\libc.a(doprnt_cdnopsuxX.eo)
 .comment       0x00000000       0x3d c:/program files (x86)/microchip/xc32/v1.20/bin/../lib/gcc/pic32mx/4.5.2/../../../../pic32mx/lib\libc.a(doscan_cdnopuxX.eo)
 .comment       0x00000000       0x3d c:/program files (x86)/microchip/xc32/v1.20/bin/../lib/gcc/pic32mx/4.5.2/../../../../pic32mx/lib\libc.a(fgetc.o)
 .comment       0x00000000       0x3d c:/program files (x86)/microchip/xc32/v1.20/bin/../lib/gcc/pic32mx/4.5.2/../../../../pic32mx/lib\libc.a(_fputc_simple.o)
 .comment       0x00000000       0x3d c:/program files (x86)/microchip/xc32/v1.20/bin/../lib/gcc/pic32mx/4.5.2/../../../../pic32mx/lib\libc.a(atoi.o)
 .comment       0x000000c2       0x4e c:/program files (x86)/microchip/xc32/v1.20/bin/../lib/gcc/pic32mx/4.5.2/../../../../pic32mx/lib\libc.a(ctype.o)
                                 0x8b (size before relaxing)
 .comment       0x00000110       0x4f c:/program files (x86)/microchip/xc32/v1.20/bin/../lib/gcc/pic32mx/4.5.2/../../../../pic32mx/lib\libc.a(ctypef.o)
                                 0x8c (size before relaxing)
 .comment       0x00000000       0x3d c:/program files (x86)/microchip/xc32/v1.20/bin/../lib/gcc/pic32mx/4.5.2/../../../../pic32mx/lib\libc.a(ungetc.o)
 .comment       0x00000000       0x3d c:/program files (x86)/microchip/xc32/v1.20/bin/../lib/gcc/pic32mx/4.5.2/../../../../pic32mx/lib\libc.a(_iob.o)
 .comment       0x00000000       0x3d c:/program files (x86)/microchip/xc32/v1.20/bin/../lib/gcc/pic32mx/4.5.2/../../../../pic32mx/lib\libc.a(filbuf.o)
 .comment       0x00000000       0x3d c:/program files (x86)/microchip/xc32/v1.20/bin/../lib/gcc/pic32mx/4.5.2/../../../../pic32mx/lib\libc.a(_flsbuf_simple.o)
 .comment       0x00000000       0x3d c:/program files (x86)/microchip/xc32/v1.20/bin/../lib/gcc/pic32mx/4.5.2/../../../../pic32mx/lib\libc.a(fflush.o)
 .comment       0x00000000       0x3d c:/program files (x86)/microchip/xc32/v1.20/bin/../lib/gcc/pic32mx/4.5.2/../../../../pic32mx/lib\libpic32.a(read.o)
 .comment       0x00000000       0x3d c:/program files (x86)/microchip/xc32/v1.20/bin/../lib/gcc/pic32mx/4.5.2/../../../../pic32mx/lib\libpic32.a(write.o)
 .comment       0x00000000       0x3d c:/program files (x86)/microchip/xc32/v1.20/bin/../lib/gcc/pic32mx/4.5.2/../../../../pic32mx/lib\libpic32.a(xc32_uart.o)
 .comment       0x00000000       0x3d c:/program files (x86)/microchip/xc32/v1.20/bin/../lib/gcc/pic32mx/4.5.2/../../../../pic32mx/lib\libpic32.a(_mon_putc.o)
 .comment       0x00000000       0x3d c:/program files (x86)/microchip/xc32/v1.20/bin/../lib/gcc/pic32mx/4.5.2\libgcc.a(_udivdi3.o)
 .comment       0x00000000       0x3d c:/program files (x86)/microchip/xc32/v1.20/bin/../lib/gcc/pic32mx/4.5.2\libgcc.a(_umoddi3.o)

.debug
 *(.debug)

.line
 *(.line)

.debug_srcinfo
 *(.debug_srcinfo)

.debug_sfnames
 *(.debug_sfnames)

.debug_aranges  0x00000000      0x9d8
 *(.debug_aranges)
 .debug_aranges
                0x00000000       0x20 build/default/debug/_ext/971107649/port.o
 .debug_aranges
                0x00000020       0x20 build/default/debug/_ext/971107649/port_asm.o
 .debug_aranges
                0x00000040       0x20 build/default/debug/_ext/167578668/heap_1.o
 .debug_aranges
                0x00000060       0x20 build/default/debug/_ext/381897321/croutine.o
 .debug_aranges
                0x00000080       0x20 build/default/debug/_ext/381897321/list.o
 .debug_aranges
                0x000000a0       0x20 build/default/debug/_ext/381897321/queue.o
 .debug_aranges
                0x000000c0       0x20 build/default/debug/_ext/381897321/tasks.o
 .debug_aranges
                0x000000e0       0x20 build/default/debug/Peripheriques/gpio.o
 .debug_aranges
                0x00000100       0x20 build/default/debug/Peripheriques/pwm.o
 .debug_aranges
                0x00000120       0x20 build/default/debug/Peripheriques/spi.o
 .debug_aranges
                0x00000140       0x20 build/default/debug/Peripheriques/timer.o
 .debug_aranges
                0x00000160       0x20 build/default/debug/Peripheriques/uart.o
 .debug_aranges
                0x00000180       0x20 build/default/debug/ft.o
 .debug_aranges
                0x000001a0       0x20 build/default/debug/Peripheriques/can.o
 .debug_aranges
                0x000001c0       0x20 build/default/debug/main.o
 .debug_aranges
                0x000001e0       0x80 c:/program files (x86)/microchip/xc32/v1.20/bin/../lib/gcc/pic32mx/4.5.2/../../../../pic32mx/lib\libmchp_peripheral_32MX795F512L.a(CANConfiguration.o)
 .debug_aranges
                0x00000260       0x60 c:/program files (x86)/microchip/xc32/v1.20/bin/../lib/gcc/pic32mx/4.5.2/../../../../pic32mx/lib\libmchp_peripheral_32MX795F512L.a(CANEventFunctions.o)
 .debug_aranges
                0x000002c0       0x48 c:/program files (x86)/microchip/xc32/v1.20/bin/../lib/gcc/pic32mx/4.5.2/../../../../pic32mx/lib\libmchp_peripheral_32MX795F512L.a(CANFilterFunctions.o)
 .debug_aranges
                0x00000308       0x30 c:/program files (x86)/microchip/xc32/v1.20/bin/../lib/gcc/pic32mx/4.5.2/../../../../pic32mx/lib\libmchp_peripheral_32MX795F512L.a(CANReceiveFunctions.o)
 .debug_aranges
                0x00000338       0x48 c:/program files (x86)/microchip/xc32/v1.20/bin/../lib/gcc/pic32mx/4.5.2/../../../../pic32mx/lib\libmchp_peripheral_32MX795F512L.a(CANTransmitFunctions.o)
 .debug_aranges
                0x00000380       0x28 c:/program files (x86)/microchip/xc32/v1.20/bin/../lib/gcc/pic32mx/4.5.2/../../../../pic32mx/lib\libmchp_peripheral_32MX795F512L.a(pcache.o)
 .debug_aranges
                0x000003a8       0x20 c:/program files (x86)/microchip/xc32/v1.20/bin/../lib/gcc/pic32mx/4.5.2/../../../../pic32mx/lib\libmchp_peripheral_32MX795F512L.a(int_enable_interrupts_lib.o)
 .debug_aranges
                0x000003c8       0x20 c:/program files (x86)/microchip/xc32/v1.20/bin/../lib/gcc/pic32mx/4.5.2/../../../../pic32mx/lib\libmchp_peripheral_32MX795F512L.a(int_disable_interrupts_lib.o)
 .debug_aranges
                0x000003e8       0x20 c:/program files (x86)/microchip/xc32/v1.20/bin/../lib/gcc/pic32mx/4.5.2/../../../../pic32mx/lib\libmchp_peripheral_32MX795F512L.a(int_restore_interrupts_lib.o)
 .debug_aranges
                0x00000408       0x20 c:/program files (x86)/microchip/xc32/v1.20/bin/../lib/gcc/pic32mx/4.5.2/../../../../pic32mx/lib\libmchp_peripheral_32MX795F512L.a(int_enable_mv_int_lib.o)
 .debug_aranges
                0x00000428       0x60 c:/program files (x86)/microchip/xc32/v1.20/bin/../lib/gcc/pic32mx/4.5.2/../../../../pic32mx/lib\libmchp_peripheral_32MX795F512L.a(int_tbl_lib.o)
 .debug_aranges
                0x00000488       0x20 c:/program files (x86)/microchip/xc32/v1.20/bin/../lib/gcc/pic32mx/4.5.2/../../../../pic32mx/lib\libmchp_peripheral_32MX795F512L.a(spi_chn_close_lib.o)
 .debug_aranges
                0x000004a8       0x20 c:/program files (x86)/microchip/xc32/v1.20/bin/../lib/gcc/pic32mx/4.5.2/../../../../pic32mx/lib\libmchp_peripheral_32MX795F512L.a(spi_chn_gets_lib.o)
 .debug_aranges
                0x000004c8       0x20 c:/program files (x86)/microchip/xc32/v1.20/bin/../lib/gcc/pic32mx/4.5.2/../../../../pic32mx/lib\libmchp_peripheral_32MX795F512L.a(spi_chn_open_lib.o)
 .debug_aranges
                0x000004e8       0x20 c:/program files (x86)/microchip/xc32/v1.20/bin/../lib/gcc/pic32mx/4.5.2/../../../../pic32mx/lib\libmchp_peripheral_32MX795F512L.a(spi_chn_puts_lib.o)
 .debug_aranges
                0x00000508       0x20 c:/program files (x86)/microchip/xc32/v1.20/bin/../lib/gcc/pic32mx/4.5.2/../../../../pic32mx/lib\libmchp_peripheral_32MX795F512L.a(spi_chn_tx_buff_empty_lib.o)
 .debug_aranges
                0x00000528       0x28 c:/program files (x86)/microchip/xc32/v1.20/bin/../lib/gcc/pic32mx/4.5.2/../../../../pic32mx/lib\libmchp_peripheral_32MX795F512L.a(spi_chn_rx_buff_empty_lib.o)
 .debug_aranges
                0x00000550       0x20 c:/program files (x86)/microchip/xc32/v1.20/bin/../lib/gcc/pic32mx/4.5.2/../../../../pic32mx/lib\libmchp_peripheral_32MX795F512L.a(port_reset_pins_lib.o)
 .debug_aranges
                0x00000570       0x20 c:/program files (x86)/microchip/xc32/v1.20/bin/../lib/gcc/pic32mx/4.5.2/../../../../pic32mx/lib\libmchp_peripheral_32MX795F512L.a(port_set_pins_digital_in_lib.o)
 .debug_aranges
                0x00000590       0x20 c:/program files (x86)/microchip/xc32/v1.20/bin/../lib/gcc/pic32mx/4.5.2/../../../../pic32mx/lib\libmchp_peripheral_32MX795F512L.a(port_set_pins_digital_out_lib.o)
 .debug_aranges
                0x000005b0       0x20 c:/program files (x86)/microchip/xc32/v1.20/bin/../lib/gcc/pic32mx/4.5.2/../../../../pic32mx/lib\libmchp_peripheral_32MX795F512L.a(port_set_bits_lib.o)
 .debug_aranges
                0x000005d0       0x20 c:/program files (x86)/microchip/xc32/v1.20/bin/../lib/gcc/pic32mx/4.5.2/../../../../pic32mx/lib\libmchp_peripheral_32MX795F512L.a(port_toggle_bits_lib.o)
 .debug_aranges
                0x000005f0       0x58 c:/program files (x86)/microchip/xc32/v1.20/bin/../lib/gcc/pic32mx/4.5.2/../../../../pic32mx/lib\libmchp_peripheral_32MX795F512L.a(uart_lib.o)
 .debug_aranges
                0x00000648       0x20 c:/program files (x86)/microchip/xc32/v1.20/bin/../lib/gcc/pic32mx/4.5.2\libgcc.a(floatunsisf.o)
 .debug_aranges
                0x00000668       0x20 c:/program files (x86)/microchip/xc32/v1.20/bin/../lib/gcc/pic32mx/4.5.2/../../../../pic32mx/lib\libpic32.a(default-bootstrap-exception-handler.o)
 .debug_aranges
                0x00000688       0x20 c:/program files (x86)/microchip/xc32/v1.20/bin/../lib/gcc/pic32mx/4.5.2/../../../../pic32mx/lib\libpic32.a(default-on-reset.o)
 .debug_aranges
                0x000006a8       0x20 c:/program files (x86)/microchip/xc32/v1.20/bin/../lib/gcc/pic32mx/4.5.2/../../../../pic32mx/lib\libpic32.a(default-on-bootstrap.o)
 .debug_aranges
                0x000006c8       0x20 c:/program files (x86)/microchip/xc32/v1.20/bin/../lib/gcc/pic32mx/4.5.2/../../../../pic32mx/lib\libpic32.a(default-general-exception-handler.o)
 .debug_aranges
                0x000006e8       0x20 c:/program files (x86)/microchip/xc32/v1.20/bin/../lib/gcc/pic32mx/4.5.2/../../../../pic32mx/lib\libpic32.a(defaultinterrupt.o)
 .debug_aranges
                0x00000708       0x20 c:/program files (x86)/microchip/xc32/v1.20/bin/../lib/gcc/pic32mx/4.5.2/../../../../pic32mx/lib\libc.a(strncpy.o)
 .debug_aranges
                0x00000728       0x20 c:/program files (x86)/microchip/xc32/v1.20/bin/../lib/gcc/pic32mx/4.5.2/../../../../pic32mx/lib\libc.a(sprintf_cdnopsuxX.eo)
 .debug_aranges
                0x00000748       0x20 c:/program files (x86)/microchip/xc32/v1.20/bin/../lib/gcc/pic32mx/4.5.2/../../../../pic32mx/lib\libc.a(sscanf_cdnopuxX.eo)
 .debug_aranges
                0x00000768       0x20 c:/program files (x86)/microchip/xc32/v1.20/bin/../lib/gcc/pic32mx/4.5.2/../../../../pic32mx/lib\libc.a(doprnt_cdnopsuxX.eo)
 .debug_aranges
                0x00000788       0x30 c:/program files (x86)/microchip/xc32/v1.20/bin/../lib/gcc/pic32mx/4.5.2/../../../../pic32mx/lib\libc.a(doscan_cdnopuxX.eo)
 .debug_aranges
                0x000007b8       0x20 c:/program files (x86)/microchip/xc32/v1.20/bin/../lib/gcc/pic32mx/4.5.2/../../../../pic32mx/lib\libc.a(fgetc.o)
 .debug_aranges
                0x000007d8       0x20 c:/program files (x86)/microchip/xc32/v1.20/bin/../lib/gcc/pic32mx/4.5.2/../../../../pic32mx/lib\libc.a(_fputc_simple.o)
 .debug_aranges
                0x000007f8       0x20 c:/program files (x86)/microchip/xc32/v1.20/bin/../lib/gcc/pic32mx/4.5.2/../../../../pic32mx/lib\libc.a(atoi.o)
 .debug_aranges
                0x00000818       0xa0 c:/program files (x86)/microchip/xc32/v1.20/bin/../lib/gcc/pic32mx/4.5.2/../../../../pic32mx/lib\libc.a(ctypef.o)
 .debug_aranges
                0x000008b8       0x20 c:/program files (x86)/microchip/xc32/v1.20/bin/../lib/gcc/pic32mx/4.5.2/../../../../pic32mx/lib\libc.a(ungetc.o)
 .debug_aranges
                0x000008d8       0x20 c:/program files (x86)/microchip/xc32/v1.20/bin/../lib/gcc/pic32mx/4.5.2/../../../../pic32mx/lib\libc.a(filbuf.o)
 .debug_aranges
                0x000008f8       0x20 c:/program files (x86)/microchip/xc32/v1.20/bin/../lib/gcc/pic32mx/4.5.2/../../../../pic32mx/lib\libc.a(_flsbuf_simple.o)
 .debug_aranges
                0x00000918       0x20 c:/program files (x86)/microchip/xc32/v1.20/bin/../lib/gcc/pic32mx/4.5.2/../../../../pic32mx/lib\libc.a(fflush.o)
 .debug_aranges
                0x00000938       0x20 c:/program files (x86)/microchip/xc32/v1.20/bin/../lib/gcc/pic32mx/4.5.2/../../../../pic32mx/lib\libpic32.a(read.o)
 .debug_aranges
                0x00000958       0x20 c:/program files (x86)/microchip/xc32/v1.20/bin/../lib/gcc/pic32mx/4.5.2/../../../../pic32mx/lib\libpic32.a(write.o)
 .debug_aranges
                0x00000978       0x20 c:/program files (x86)/microchip/xc32/v1.20/bin/../lib/gcc/pic32mx/4.5.2/../../../../pic32mx/lib\libpic32.a(_mon_putc.o)
 .debug_aranges
                0x00000998       0x20 c:/program files (x86)/microchip/xc32/v1.20/bin/../lib/gcc/pic32mx/4.5.2\libgcc.a(_udivdi3.o)
 .debug_aranges
                0x000009b8       0x20 c:/program files (x86)/microchip/xc32/v1.20/bin/../lib/gcc/pic32mx/4.5.2\libgcc.a(_umoddi3.o)

.debug_pubnames
                0x00000000     0x19d5
 *(.debug_pubnames)
 .debug_pubnames
                0x00000000      0x130 build/default/debug/_ext/971107649/port.o
 .debug_pubnames
                0x00000130       0x64 build/default/debug/_ext/167578668/heap_1.o
 .debug_pubnames
                0x00000194      0x1f4 build/default/debug/_ext/381897321/croutine.o
 .debug_pubnames
                0x00000388       0x72 build/default/debug/_ext/381897321/list.o
 .debug_pubnames
                0x000003fa      0x12f build/default/debug/_ext/381897321/queue.o
 .debug_pubnames
                0x00000529      0x474 build/default/debug/_ext/381897321/tasks.o
 .debug_pubnames
                0x0000099d       0x2b build/default/debug/Peripheriques/gpio.o
 .debug_pubnames
                0x000009c8       0x36 build/default/debug/Peripheriques/pwm.o
 .debug_pubnames
                0x000009fe       0x52 build/default/debug/Peripheriques/spi.o
 .debug_pubnames
                0x00000a50       0x33 build/default/debug/Peripheriques/timer.o
 .debug_pubnames
                0x00000a83       0x63 build/default/debug/Peripheriques/uart.o
 .debug_pubnames
                0x00000ae6      0x111 build/default/debug/ft.o
 .debug_pubnames
                0x00000bf7       0xa7 build/default/debug/Peripheriques/can.o
 .debug_pubnames
                0x00000c9e      0x152 build/default/debug/main.o
 .debug_pubnames
                0x00000df0      0x135 c:/program files (x86)/microchip/xc32/v1.20/bin/../lib/gcc/pic32mx/4.5.2/../../../../pic32mx/lib\libmchp_peripheral_32MX795F512L.a(CANConfiguration.o)
 .debug_pubnames
                0x00000f25      0x101 c:/program files (x86)/microchip/xc32/v1.20/bin/../lib/gcc/pic32mx/4.5.2/../../../../pic32mx/lib\libmchp_peripheral_32MX795F512L.a(CANEventFunctions.o)
 .debug_pubnames
                0x00001026       0xa5 c:/program files (x86)/microchip/xc32/v1.20/bin/../lib/gcc/pic32mx/4.5.2/../../../../pic32mx/lib\libmchp_peripheral_32MX795F512L.a(CANFilterFunctions.o)
 .debug_pubnames
                0x000010cb       0x58 c:/program files (x86)/microchip/xc32/v1.20/bin/../lib/gcc/pic32mx/4.5.2/../../../../pic32mx/lib\libmchp_peripheral_32MX795F512L.a(CANReceiveFunctions.o)
 .debug_pubnames
                0x00001123       0xa5 c:/program files (x86)/microchip/xc32/v1.20/bin/../lib/gcc/pic32mx/4.5.2/../../../../pic32mx/lib\libmchp_peripheral_32MX795F512L.a(CANTransmitFunctions.o)
 .debug_pubnames
                0x000011c8       0x3b c:/program files (x86)/microchip/xc32/v1.20/bin/../lib/gcc/pic32mx/4.5.2/../../../../pic32mx/lib\libmchp_peripheral_32MX795F512L.a(pcache.o)
 .debug_pubnames
                0x00001203       0x2a c:/program files (x86)/microchip/xc32/v1.20/bin/../lib/gcc/pic32mx/4.5.2/../../../../pic32mx/lib\libmchp_peripheral_32MX795F512L.a(int_enable_interrupts_lib.o)
 .debug_pubnames
                0x0000122d       0x2b c:/program files (x86)/microchip/xc32/v1.20/bin/../lib/gcc/pic32mx/4.5.2/../../../../pic32mx/lib\libmchp_peripheral_32MX795F512L.a(int_disable_interrupts_lib.o)
 .debug_pubnames
                0x00001258       0x2b c:/program files (x86)/microchip/xc32/v1.20/bin/../lib/gcc/pic32mx/4.5.2/../../../../pic32mx/lib\libmchp_peripheral_32MX795F512L.a(int_restore_interrupts_lib.o)
 .debug_pubnames
                0x00001283       0x36 c:/program files (x86)/microchip/xc32/v1.20/bin/../lib/gcc/pic32mx/4.5.2/../../../../pic32mx/lib\libmchp_peripheral_32MX795F512L.a(int_enable_mv_int_lib.o)
 .debug_pubnames
                0x000012b9       0xca c:/program files (x86)/microchip/xc32/v1.20/bin/../lib/gcc/pic32mx/4.5.2/../../../../pic32mx/lib\libmchp_peripheral_32MX795F512L.a(int_tbl_lib.o)
 .debug_pubnames
                0x00001383       0x22 c:/program files (x86)/microchip/xc32/v1.20/bin/../lib/gcc/pic32mx/4.5.2/../../../../pic32mx/lib\libmchp_peripheral_32MX795F512L.a(spi_chn_close_lib.o)
 .debug_pubnames
                0x000013a5       0x21 c:/program files (x86)/microchip/xc32/v1.20/bin/../lib/gcc/pic32mx/4.5.2/../../../../pic32mx/lib\libmchp_peripheral_32MX795F512L.a(spi_chn_gets_lib.o)
 .debug_pubnames
                0x000013c6       0x21 c:/program files (x86)/microchip/xc32/v1.20/bin/../lib/gcc/pic32mx/4.5.2/../../../../pic32mx/lib\libmchp_peripheral_32MX795F512L.a(spi_chn_open_lib.o)
 .debug_pubnames
                0x000013e7       0x21 c:/program files (x86)/microchip/xc32/v1.20/bin/../lib/gcc/pic32mx/4.5.2/../../../../pic32mx/lib\libmchp_peripheral_32MX795F512L.a(spi_chn_puts_lib.o)
 .debug_pubnames
                0x00001408       0x28 c:/program files (x86)/microchip/xc32/v1.20/bin/../lib/gcc/pic32mx/4.5.2/../../../../pic32mx/lib\libmchp_peripheral_32MX795F512L.a(spi_chn_tx_buff_empty_lib.o)
 .debug_pubnames
                0x00001430       0x3d c:/program files (x86)/microchip/xc32/v1.20/bin/../lib/gcc/pic32mx/4.5.2/../../../../pic32mx/lib\libmchp_peripheral_32MX795F512L.a(spi_chn_rx_buff_empty_lib.o)
 .debug_pubnames
                0x0000146d       0x24 c:/program files (x86)/microchip/xc32/v1.20/bin/../lib/gcc/pic32mx/4.5.2/../../../../pic32mx/lib\libmchp_peripheral_32MX795F512L.a(port_reset_pins_lib.o)
 .debug_pubnames
                0x00001491       0x2b c:/program files (x86)/microchip/xc32/v1.20/bin/../lib/gcc/pic32mx/4.5.2/../../../../pic32mx/lib\libmchp_peripheral_32MX795F512L.a(port_set_pins_digital_in_lib.o)
 .debug_pubnames
                0x000014bc       0x2c c:/program files (x86)/microchip/xc32/v1.20/bin/../lib/gcc/pic32mx/4.5.2/../../../../pic32mx/lib\libmchp_peripheral_32MX795F512L.a(port_set_pins_digital_out_lib.o)
 .debug_pubnames
                0x000014e8       0x22 c:/program files (x86)/microchip/xc32/v1.20/bin/../lib/gcc/pic32mx/4.5.2/../../../../pic32mx/lib\libmchp_peripheral_32MX795F512L.a(port_set_bits_lib.o)
 .debug_pubnames
                0x0000150a       0x25 c:/program files (x86)/microchip/xc32/v1.20/bin/../lib/gcc/pic32mx/4.5.2/../../../../pic32mx/lib\libmchp_peripheral_32MX795F512L.a(port_toggle_bits_lib.o)
 .debug_pubnames
                0x0000152f       0xb1 c:/program files (x86)/microchip/xc32/v1.20/bin/../lib/gcc/pic32mx/4.5.2/../../../../pic32mx/lib\libmchp_peripheral_32MX795F512L.a(uart_lib.o)
 .debug_pubnames
                0x000015e0       0x24 c:/program files (x86)/microchip/xc32/v1.20/bin/../lib/gcc/pic32mx/4.5.2\libgcc.a(floatunsisf.o)
 .debug_pubnames
                0x00001604       0x33 c:/program files (x86)/microchip/xc32/v1.20/bin/../lib/gcc/pic32mx/4.5.2/../../../../pic32mx/lib\libpic32.a(default-bootstrap-exception-handler.o)
 .debug_pubnames
                0x00001637       0x20 c:/program files (x86)/microchip/xc32/v1.20/bin/../lib/gcc/pic32mx/4.5.2/../../../../pic32mx/lib\libpic32.a(default-on-reset.o)
 .debug_pubnames
                0x00001657       0x24 c:/program files (x86)/microchip/xc32/v1.20/bin/../lib/gcc/pic32mx/4.5.2/../../../../pic32mx/lib\libpic32.a(default-on-bootstrap.o)
 .debug_pubnames
                0x0000167b       0x31 c:/program files (x86)/microchip/xc32/v1.20/bin/../lib/gcc/pic32mx/4.5.2/../../../../pic32mx/lib\libpic32.a(default-general-exception-handler.o)
 .debug_pubnames
                0x000016ac       0x28 c:/program files (x86)/microchip/xc32/v1.20/bin/../lib/gcc/pic32mx/4.5.2/../../../../pic32mx/lib\libpic32.a(defaultinterrupt.o)
 .debug_pubnames
                0x000016d4       0x1e c:/program files (x86)/microchip/xc32/v1.20/bin/../lib/gcc/pic32mx/4.5.2/../../../../pic32mx/lib\libc.a(strncpy.o)
 .debug_pubnames
                0x000016f2       0x29 c:/program files (x86)/microchip/xc32/v1.20/bin/../lib/gcc/pic32mx/4.5.2/../../../../pic32mx/lib\libc.a(sprintf_cdnopsuxX.eo)
 .debug_pubnames
                0x0000171b       0x27 c:/program files (x86)/microchip/xc32/v1.20/bin/../lib/gcc/pic32mx/4.5.2/../../../../pic32mx/lib\libc.a(sscanf_cdnopuxX.eo)
 .debug_pubnames
                0x00001742       0x2a c:/program files (x86)/microchip/xc32/v1.20/bin/../lib/gcc/pic32mx/4.5.2/../../../../pic32mx/lib\libc.a(doprnt_cdnopsuxX.eo)
 .debug_pubnames
                0x0000176c       0x28 c:/program files (x86)/microchip/xc32/v1.20/bin/../lib/gcc/pic32mx/4.5.2/../../../../pic32mx/lib\libc.a(doscan_cdnopuxX.eo)
 .debug_pubnames
                0x00001794       0x1c c:/program files (x86)/microchip/xc32/v1.20/bin/../lib/gcc/pic32mx/4.5.2/../../../../pic32mx/lib\libc.a(fgetc.o)
 .debug_pubnames
                0x000017b0       0x1c c:/program files (x86)/microchip/xc32/v1.20/bin/../lib/gcc/pic32mx/4.5.2/../../../../pic32mx/lib\libc.a(_fputc_simple.o)
 .debug_pubnames
                0x000017cc       0x1b c:/program files (x86)/microchip/xc32/v1.20/bin/../lib/gcc/pic32mx/4.5.2/../../../../pic32mx/lib\libc.a(atoi.o)
 .debug_pubnames
                0x000017e7       0xe1 c:/program files (x86)/microchip/xc32/v1.20/bin/../lib/gcc/pic32mx/4.5.2/../../../../pic32mx/lib\libc.a(ctypef.o)
 .debug_pubnames
                0x000018c8       0x1d c:/program files (x86)/microchip/xc32/v1.20/bin/../lib/gcc/pic32mx/4.5.2/../../../../pic32mx/lib\libc.a(ungetc.o)
 .debug_pubnames
                0x000018e5       0x1e c:/program files (x86)/microchip/xc32/v1.20/bin/../lib/gcc/pic32mx/4.5.2/../../../../pic32mx/lib\libc.a(filbuf.o)
 .debug_pubnames
                0x00001903       0x1e c:/program files (x86)/microchip/xc32/v1.20/bin/../lib/gcc/pic32mx/4.5.2/../../../../pic32mx/lib\libc.a(_flsbuf_simple.o)
 .debug_pubnames
                0x00001921       0x1d c:/program files (x86)/microchip/xc32/v1.20/bin/../lib/gcc/pic32mx/4.5.2/../../../../pic32mx/lib\libc.a(fflush.o)
 .debug_pubnames
                0x0000193e       0x1b c:/program files (x86)/microchip/xc32/v1.20/bin/../lib/gcc/pic32mx/4.5.2/../../../../pic32mx/lib\libpic32.a(read.o)
 .debug_pubnames
                0x00001959       0x1c c:/program files (x86)/microchip/xc32/v1.20/bin/../lib/gcc/pic32mx/4.5.2/../../../../pic32mx/lib\libpic32.a(write.o)
 .debug_pubnames
                0x00001975       0x20 c:/program files (x86)/microchip/xc32/v1.20/bin/../lib/gcc/pic32mx/4.5.2/../../../../pic32mx/lib\libpic32.a(_mon_putc.o)
 .debug_pubnames
                0x00001995       0x20 c:/program files (x86)/microchip/xc32/v1.20/bin/../lib/gcc/pic32mx/4.5.2\libgcc.a(_udivdi3.o)
 .debug_pubnames
                0x000019b5       0x20 c:/program files (x86)/microchip/xc32/v1.20/bin/../lib/gcc/pic32mx/4.5.2\libgcc.a(_umoddi3.o)

.debug_info     0x00000000    0x139be
 *(.debug_info .gnu.linkonce.wi.*)
 .debug_info    0x00000000     0x10b9 build/default/debug/_ext/971107649/port.o
 .debug_info    0x000010b9       0x76 build/default/debug/_ext/971107649/port_asm.o
 .debug_info    0x0000112f      0x248 build/default/debug/_ext/167578668/heap_1.o
 .debug_info    0x00001377      0x7cb build/default/debug/_ext/381897321/croutine.o
 .debug_info    0x00001b42      0x3c2 build/default/debug/_ext/381897321/list.o
 .debug_info    0x00001f04      0xb49 build/default/debug/_ext/381897321/queue.o
 .debug_info    0x00002a4d     0x121f build/default/debug/_ext/381897321/tasks.o
 .debug_info    0x00003c6c       0xe6 build/default/debug/_ext/381897321/timers.o
 .debug_info    0x00003d52     0x128d build/default/debug/Peripheriques/gpio.o
 .debug_info    0x00004fdf     0x126e build/default/debug/Peripheriques/pwm.o
 .debug_info    0x0000624d     0x18b2 build/default/debug/Peripheriques/spi.o
 .debug_info    0x00007aff     0x11db build/default/debug/Peripheriques/timer.o
 .debug_info    0x00008cda     0x232a build/default/debug/Peripheriques/uart.o
 .debug_info    0x0000b004      0x54b build/default/debug/ft.o
 .debug_info    0x0000b54f     0x2f7b build/default/debug/Peripheriques/can.o
 .debug_info    0x0000e4ca     0x1f20 build/default/debug/main.o
 .debug_info    0x000103ea      0x237 c:/program files (x86)/microchip/xc32/v1.20/bin/../lib/gcc/pic32mx/4.5.2/../../../../pic32mx/lib\libmchp_peripheral_32MX795F512L.a(CANConfiguration.o)
 .debug_info    0x00010621      0x1d3 c:/program files (x86)/microchip/xc32/v1.20/bin/../lib/gcc/pic32mx/4.5.2/../../../../pic32mx/lib\libmchp_peripheral_32MX795F512L.a(CANEventFunctions.o)
 .debug_info    0x000107f4      0x15c c:/program files (x86)/microchip/xc32/v1.20/bin/../lib/gcc/pic32mx/4.5.2/../../../../pic32mx/lib\libmchp_peripheral_32MX795F512L.a(CANFilterFunctions.o)
 .debug_info    0x00010950       0xf0 c:/program files (x86)/microchip/xc32/v1.20/bin/../lib/gcc/pic32mx/4.5.2/../../../../pic32mx/lib\libmchp_peripheral_32MX795F512L.a(CANReceiveFunctions.o)
 .debug_info    0x00010a40      0x15c c:/program files (x86)/microchip/xc32/v1.20/bin/../lib/gcc/pic32mx/4.5.2/../../../../pic32mx/lib\libmchp_peripheral_32MX795F512L.a(CANTransmitFunctions.o)
 .debug_info    0x00010b9c       0xbf c:/program files (x86)/microchip/xc32/v1.20/bin/../lib/gcc/pic32mx/4.5.2/../../../../pic32mx/lib\libmchp_peripheral_32MX795F512L.a(pcache.o)
 .debug_info    0x00010c5b       0xb4 c:/program files (x86)/microchip/xc32/v1.20/bin/../lib/gcc/pic32mx/4.5.2/../../../../pic32mx/lib\libmchp_peripheral_32MX795F512L.a(int_enable_interrupts_lib.o)
 .debug_info    0x00010d0f       0xb6 c:/program files (x86)/microchip/xc32/v1.20/bin/../lib/gcc/pic32mx/4.5.2/../../../../pic32mx/lib\libmchp_peripheral_32MX795F512L.a(int_disable_interrupts_lib.o)
 .debug_info    0x00010dc5       0xb6 c:/program files (x86)/microchip/xc32/v1.20/bin/../lib/gcc/pic32mx/4.5.2/../../../../pic32mx/lib\libmchp_peripheral_32MX795F512L.a(int_restore_interrupts_lib.o)
 .debug_info    0x00010e7b       0xbc c:/program files (x86)/microchip/xc32/v1.20/bin/../lib/gcc/pic32mx/4.5.2/../../../../pic32mx/lib\libmchp_peripheral_32MX795F512L.a(int_enable_mv_int_lib.o)
 .debug_info    0x00010f37      0x196 c:/program files (x86)/microchip/xc32/v1.20/bin/../lib/gcc/pic32mx/4.5.2/../../../../pic32mx/lib\libmchp_peripheral_32MX795F512L.a(int_tbl_lib.o)
 .debug_info    0x000110cd       0xa4 c:/program files (x86)/microchip/xc32/v1.20/bin/../lib/gcc/pic32mx/4.5.2/../../../../pic32mx/lib\libmchp_peripheral_32MX795F512L.a(spi_chn_close_lib.o)
 .debug_info    0x00011171       0xb5 c:/program files (x86)/microchip/xc32/v1.20/bin/../lib/gcc/pic32mx/4.5.2/../../../../pic32mx/lib\libmchp_peripheral_32MX795F512L.a(spi_chn_gets_lib.o)
 .debug_info    0x00011226       0xa2 c:/program files (x86)/microchip/xc32/v1.20/bin/../lib/gcc/pic32mx/4.5.2/../../../../pic32mx/lib\libmchp_peripheral_32MX795F512L.a(spi_chn_open_lib.o)
 .debug_info    0x000112c8       0xb5 c:/program files (x86)/microchip/xc32/v1.20/bin/../lib/gcc/pic32mx/4.5.2/../../../../pic32mx/lib\libmchp_peripheral_32MX795F512L.a(spi_chn_puts_lib.o)
 .debug_info    0x0001137d       0xb2 c:/program files (x86)/microchip/xc32/v1.20/bin/../lib/gcc/pic32mx/4.5.2/../../../../pic32mx/lib\libmchp_peripheral_32MX795F512L.a(spi_chn_tx_buff_empty_lib.o)
 .debug_info    0x0001142f       0xd1 c:/program files (x86)/microchip/xc32/v1.20/bin/../lib/gcc/pic32mx/4.5.2/../../../../pic32mx/lib\libmchp_peripheral_32MX795F512L.a(spi_chn_rx_buff_empty_lib.o)
 .debug_info    0x00011500        0x0 c:/program files (x86)/microchip/xc32/v1.20/bin/../lib/gcc/pic32mx/4.5.2/../../../../pic32mx/lib\libmchp_peripheral_32MX795F512L.a(spi_io_tbl_libp.o)
 .debug_info    0x00011500        0x0 c:/program files (x86)/microchip/xc32/v1.20/bin/../lib/gcc/pic32mx/4.5.2/../../../../pic32mx/lib\libmchp_peripheral_32MX795F512L.a(spi_map_tbl_libp.o)
 .debug_info    0x00011500       0xaa c:/program files (x86)/microchip/xc32/v1.20/bin/../lib/gcc/pic32mx/4.5.2/../../../../pic32mx/lib\libmchp_peripheral_32MX795F512L.a(port_reset_pins_lib.o)
 .debug_info    0x000115aa       0xba c:/program files (x86)/microchip/xc32/v1.20/bin/../lib/gcc/pic32mx/4.5.2/../../../../pic32mx/lib\libmchp_peripheral_32MX795F512L.a(port_set_pins_digital_in_lib.o)
 .debug_info    0x00011664       0xbc c:/program files (x86)/microchip/xc32/v1.20/bin/../lib/gcc/pic32mx/4.5.2/../../../../pic32mx/lib\libmchp_peripheral_32MX795F512L.a(port_set_pins_digital_out_lib.o)
 .debug_info    0x00011720       0xa6 c:/program files (x86)/microchip/xc32/v1.20/bin/../lib/gcc/pic32mx/4.5.2/../../../../pic32mx/lib\libmchp_peripheral_32MX795F512L.a(port_set_bits_lib.o)
 .debug_info    0x000117c6       0xac c:/program files (x86)/microchip/xc32/v1.20/bin/../lib/gcc/pic32mx/4.5.2/../../../../pic32mx/lib\libmchp_peripheral_32MX795F512L.a(port_toggle_bits_lib.o)
 .debug_info    0x00011872        0x0 c:/program files (x86)/microchip/xc32/v1.20/bin/../lib/gcc/pic32mx/4.5.2/../../../../pic32mx/lib\libmchp_peripheral_32MX795F512L.a(_ports_tbl_libp.o)
 .debug_info    0x00011872      0x175 c:/program files (x86)/microchip/xc32/v1.20/bin/../lib/gcc/pic32mx/4.5.2/../../../../pic32mx/lib\libmchp_peripheral_32MX795F512L.a(uart_lib.o)
 .debug_info    0x000119e7      0x143 c:/program files (x86)/microchip/xc32/v1.20/bin/../lib/gcc/pic32mx/4.5.2\libgcc.a(floatunsisf.o)
 .debug_info    0x00011b2a       0xd6 c:/program files (x86)/microchip/xc32/v1.20/bin/../lib/gcc/pic32mx/4.5.2/../../../../pic32mx/lib\libpic32.a(default-bootstrap-exception-handler.o)
 .debug_info    0x00011c00       0xb0 c:/program files (x86)/microchip/xc32/v1.20/bin/../lib/gcc/pic32mx/4.5.2/../../../../pic32mx/lib\libpic32.a(default-on-reset.o)
 .debug_info    0x00011cb0       0xb8 c:/program files (x86)/microchip/xc32/v1.20/bin/../lib/gcc/pic32mx/4.5.2/../../../../pic32mx/lib\libpic32.a(default-on-bootstrap.o)
 .debug_info    0x00011d68       0xd2 c:/program files (x86)/microchip/xc32/v1.20/bin/../lib/gcc/pic32mx/4.5.2/../../../../pic32mx/lib\libpic32.a(default-general-exception-handler.o)
 .debug_info    0x00011e3a       0xca c:/program files (x86)/microchip/xc32/v1.20/bin/../lib/gcc/pic32mx/4.5.2/../../../../pic32mx/lib\libpic32.a(defaultinterrupt.o)
 .debug_info    0x00011f04       0xa7 c:/program files (x86)/microchip/xc32/v1.20/bin/../lib/gcc/pic32mx/4.5.2/../../../../pic32mx/lib\libc.a(strncpy.o)
 .debug_info    0x00011fab       0xb2 c:/program files (x86)/microchip/xc32/v1.20/bin/../lib/gcc/pic32mx/4.5.2/../../../../pic32mx/lib\libc.a(sprintf_cdnopsuxX.eo)
 .debug_info    0x0001205d       0xaf c:/program files (x86)/microchip/xc32/v1.20/bin/../lib/gcc/pic32mx/4.5.2/../../../../pic32mx/lib\libc.a(sscanf_cdnopuxX.eo)